<?xml version="1.0" encoding="ISO-8859-1" ?>
<link_info>
   <banner>TMS320C2000 Linker PC v18.1.3.LTS</banner>
   <copyright>Copyright (c) 1996-2017 Texas Instruments Incorporated</copyright>
   <link_time>0x5c4ecfb8</link_time>
   <link_errors>0x0</link_errors>
   <output_file>DRGNS_CPU1.out</output_file>
   <entry_point>
      <name>_c_int00</name>
      <address>0xdf8b</address>
   </entry_point>
   <input_file_list>
      <input_file id="fl-2">
         <path>.\</path>
         <kind>object</kind>
         <file>F2837xD_DefaultISR.obj</file>
         <name>F2837xD_DefaultISR.obj</name>
      </input_file>
      <input_file id="fl-3">
         <path>.\</path>
         <kind>object</kind>
         <file>F2837xD_EQep.obj</file>
         <name>F2837xD_EQep.obj</name>
      </input_file>
      <input_file id="fl-4">
         <path>.\</path>
         <kind>object</kind>
         <file>F2837xD_GlobalVariableDefs.obj</file>
         <name>F2837xD_GlobalVariableDefs.obj</name>
      </input_file>
      <input_file id="fl-5">
         <path>.\</path>
         <kind>object</kind>
         <file>F2837xD_Gpio.obj</file>
         <name>F2837xD_Gpio.obj</name>
      </input_file>
      <input_file id="fl-6">
         <path>.\</path>
         <kind>object</kind>
         <file>F2837xD_PieCtrl.obj</file>
         <name>F2837xD_PieCtrl.obj</name>
      </input_file>
      <input_file id="fl-7">
         <path>.\</path>
         <kind>object</kind>
         <file>F2837xD_PieVect.obj</file>
         <name>F2837xD_PieVect.obj</name>
      </input_file>
      <input_file id="fl-8">
         <path>.\</path>
         <kind>object</kind>
         <file>F2837xD_SysCtrl.obj</file>
         <name>F2837xD_SysCtrl.obj</name>
      </input_file>
      <input_file id="fl-9">
         <path>.\</path>
         <kind>object</kind>
         <file>F2837xD_usDelay.obj</file>
         <name>F2837xD_usDelay.obj</name>
      </input_file>
      <input_file id="fl-a">
         <path>.\</path>
         <kind>object</kind>
         <file>I2C_SSD1306.obj</file>
         <name>I2C_SSD1306.obj</name>
      </input_file>
      <input_file id="fl-b">
         <path>.\</path>
         <kind>object</kind>
         <file>SCI.obj</file>
         <name>SCI.obj</name>
      </input_file>
      <input_file id="fl-c">
         <path>.\</path>
         <kind>object</kind>
         <file>main_cpu1.obj</file>
         <name>main_cpu1.obj</name>
      </input_file>
      <input_file id="fl-11">
         <kind>object</kind>
         <file>&lt;internal&gt;</file>
         <name>&lt;internal&gt;</name>
      </input_file>
      <input_file id="fl-1d">
         <path>C:\ti\ccsv8\tools\compiler\ti-cgt-c2000_18.1.3.LTS\lib\</path>
         <kind>archive</kind>
         <file>rts2800_fpu32.lib</file>
         <name>boot28.asm.obj</name>
      </input_file>
      <input_file id="fl-1e">
         <path>C:\ti\ccsv8\tools\compiler\ti-cgt-c2000_18.1.3.LTS\lib\</path>
         <kind>archive</kind>
         <file>rts2800_fpu32.lib</file>
         <name>fs_div28.asm.obj</name>
      </input_file>
      <input_file id="fl-1f">
         <path>C:\ti\ccsv8\tools\compiler\ti-cgt-c2000_18.1.3.LTS\lib\</path>
         <kind>archive</kind>
         <file>rts2800_fpu32.lib</file>
         <name>cpy_tbl.c.obj</name>
      </input_file>
      <input_file id="fl-20">
         <path>C:\ti\ccsv8\tools\compiler\ti-cgt-c2000_18.1.3.LTS\lib\</path>
         <kind>archive</kind>
         <file>rts2800_fpu32.lib</file>
         <name>memcpy.c.obj</name>
      </input_file>
      <input_file id="fl-21">
         <path>C:\ti\ccsv8\tools\compiler\ti-cgt-c2000_18.1.3.LTS\lib\</path>
         <kind>archive</kind>
         <file>rts2800_fpu32.lib</file>
         <name>pre_init.c.obj</name>
      </input_file>
      <input_file id="fl-22">
         <path>C:\ti\ccsv8\tools\compiler\ti-cgt-c2000_18.1.3.LTS\lib\</path>
         <kind>archive</kind>
         <file>rts2800_fpu32.lib</file>
         <name>startup.c.obj</name>
      </input_file>
      <input_file id="fl-23">
         <path>C:\ti\ccsv8\tools\compiler\ti-cgt-c2000_18.1.3.LTS\lib\</path>
         <kind>archive</kind>
         <file>rts2800_fpu32.lib</file>
         <name>exit.c.obj</name>
      </input_file>
      <input_file id="fl-24">
         <path>C:\ti\ccsv8\tools\compiler\ti-cgt-c2000_18.1.3.LTS\lib\</path>
         <kind>archive</kind>
         <file>rts2800_fpu32.lib</file>
         <name>_lock.c.obj</name>
      </input_file>
      <input_file id="fl-25">
         <path>C:\ti\ccsv8\tools\compiler\ti-cgt-c2000_18.1.3.LTS\lib\</path>
         <kind>archive</kind>
         <file>rts2800_fpu32.lib</file>
         <name>args_main.c.obj</name>
      </input_file>
      <input_file id="fl-26">
         <path>C:\ti\ccsv8\tools\compiler\ti-cgt-c2000_18.1.3.LTS\lib\</path>
         <kind>archive</kind>
         <file>rts2800_fpu32.lib</file>
         <name>sprintf.c.obj</name>
      </input_file>
      <input_file id="fl-27">
         <path>C:\ti\ccsv8\tools\compiler\ti-cgt-c2000_18.1.3.LTS\lib\</path>
         <kind>archive</kind>
         <file>rts2800_fpu32.lib</file>
         <name>_printfi.c.obj</name>
      </input_file>
      <input_file id="fl-28">
         <path>C:\ti\ccsv8\tools\compiler\ti-cgt-c2000_18.1.3.LTS\lib\</path>
         <kind>archive</kind>
         <file>rts2800_fpu32.lib</file>
         <name>atoi.c.obj</name>
      </input_file>
      <input_file id="fl-29">
         <path>C:\ti\ccsv8\tools\compiler\ti-cgt-c2000_18.1.3.LTS\lib\</path>
         <kind>archive</kind>
         <file>rts2800_fpu32.lib</file>
         <name>ctype.c.obj</name>
      </input_file>
      <input_file id="fl-2a">
         <path>C:\ti\ccsv8\tools\compiler\ti-cgt-c2000_18.1.3.LTS\lib\</path>
         <kind>archive</kind>
         <file>rts2800_fpu32.lib</file>
         <name>ltoa.c.obj</name>
      </input_file>
      <input_file id="fl-2b">
         <path>C:\ti\ccsv8\tools\compiler\ti-cgt-c2000_18.1.3.LTS\lib\</path>
         <kind>archive</kind>
         <file>rts2800_fpu32.lib</file>
         <name>memccpy.c.obj</name>
      </input_file>
      <input_file id="fl-2c">
         <path>C:\ti\ccsv8\tools\compiler\ti-cgt-c2000_18.1.3.LTS\lib\</path>
         <kind>archive</kind>
         <file>rts2800_fpu32.lib</file>
         <name>memset.c.obj</name>
      </input_file>
      <input_file id="fl-2d">
         <path>C:\ti\ccsv8\tools\compiler\ti-cgt-c2000_18.1.3.LTS\lib\</path>
         <kind>archive</kind>
         <file>rts2800_fpu32.lib</file>
         <name>strchr.c.obj</name>
      </input_file>
      <input_file id="fl-2e">
         <path>C:\ti\ccsv8\tools\compiler\ti-cgt-c2000_18.1.3.LTS\lib\</path>
         <kind>archive</kind>
         <file>rts2800_fpu32.lib</file>
         <name>strcpy.c.obj</name>
      </input_file>
      <input_file id="fl-2f">
         <path>C:\ti\ccsv8\tools\compiler\ti-cgt-c2000_18.1.3.LTS\lib\</path>
         <kind>archive</kind>
         <file>rts2800_fpu32.lib</file>
         <name>strlen.c.obj</name>
      </input_file>
      <input_file id="fl-30">
         <path>C:\ti\ccsv8\tools\compiler\ti-cgt-c2000_18.1.3.LTS\lib\</path>
         <kind>archive</kind>
         <file>rts2800_fpu32.lib</file>
         <name>wcslen.c.obj</name>
      </input_file>
      <input_file id="fl-31">
         <path>C:\ti\ccsv8\tools\compiler\ti-cgt-c2000_18.1.3.LTS\lib\</path>
         <kind>archive</kind>
         <file>rts2800_fpu32.lib</file>
         <name>s_frexp.c.obj</name>
      </input_file>
      <input_file id="fl-32">
         <path>C:\ti\ccsv8\tools\compiler\ti-cgt-c2000_18.1.3.LTS\lib\</path>
         <kind>archive</kind>
         <file>rts2800_fpu32.lib</file>
         <name>s_scalbn.c.obj</name>
      </input_file>
      <input_file id="fl-33">
         <path>C:\ti\ccsv8\tools\compiler\ti-cgt-c2000_18.1.3.LTS\lib\</path>
         <kind>archive</kind>
         <file>rts2800_fpu32.lib</file>
         <name>fd_add28.asm.obj</name>
      </input_file>
      <input_file id="fl-34">
         <path>C:\ti\ccsv8\tools\compiler\ti-cgt-c2000_18.1.3.LTS\lib\</path>
         <kind>archive</kind>
         <file>rts2800_fpu32.lib</file>
         <name>fd_cmp28.asm.obj</name>
      </input_file>
      <input_file id="fl-35">
         <path>C:\ti\ccsv8\tools\compiler\ti-cgt-c2000_18.1.3.LTS\lib\</path>
         <kind>archive</kind>
         <file>rts2800_fpu32.lib</file>
         <name>fd_div28.asm.obj</name>
      </input_file>
      <input_file id="fl-36">
         <path>C:\ti\ccsv8\tools\compiler\ti-cgt-c2000_18.1.3.LTS\lib\</path>
         <kind>archive</kind>
         <file>rts2800_fpu32.lib</file>
         <name>fd_mpy28.asm.obj</name>
      </input_file>
      <input_file id="fl-37">
         <path>C:\ti\ccsv8\tools\compiler\ti-cgt-c2000_18.1.3.LTS\lib\</path>
         <kind>archive</kind>
         <file>rts2800_fpu32.lib</file>
         <name>fd_neg28.asm.obj</name>
      </input_file>
      <input_file id="fl-38">
         <path>C:\ti\ccsv8\tools\compiler\ti-cgt-c2000_18.1.3.LTS\lib\</path>
         <kind>archive</kind>
         <file>rts2800_fpu32.lib</file>
         <name>fd_sub28.asm.obj</name>
      </input_file>
      <input_file id="fl-39">
         <path>C:\ti\ccsv8\tools\compiler\ti-cgt-c2000_18.1.3.LTS\lib\</path>
         <kind>archive</kind>
         <file>rts2800_fpu32.lib</file>
         <name>fd_toi28.asm.obj</name>
      </input_file>
      <input_file id="fl-3a">
         <path>C:\ti\ccsv8\tools\compiler\ti-cgt-c2000_18.1.3.LTS\lib\</path>
         <kind>archive</kind>
         <file>rts2800_fpu32.lib</file>
         <name>fd_tol28.asm.obj</name>
      </input_file>
      <input_file id="fl-3b">
         <path>C:\ti\ccsv8\tools\compiler\ti-cgt-c2000_18.1.3.LTS\lib\</path>
         <kind>archive</kind>
         <file>rts2800_fpu32.lib</file>
         <name>ll_aox28.asm.obj</name>
      </input_file>
      <input_file id="fl-3c">
         <path>C:\ti\ccsv8\tools\compiler\ti-cgt-c2000_18.1.3.LTS\lib\</path>
         <kind>archive</kind>
         <file>rts2800_fpu32.lib</file>
         <name>ll_cmp28.asm.obj</name>
      </input_file>
      <input_file id="fl-3d">
         <path>C:\ti\ccsv8\tools\compiler\ti-cgt-c2000_18.1.3.LTS\lib\</path>
         <kind>archive</kind>
         <file>rts2800_fpu32.lib</file>
         <name>ll_div28.asm.obj</name>
      </input_file>
      <input_file id="fl-3e">
         <path>C:\ti\ccsv8\tools\compiler\ti-cgt-c2000_18.1.3.LTS\lib\</path>
         <kind>archive</kind>
         <file>rts2800_fpu32.lib</file>
         <name>i_tofd28.asm.obj</name>
      </input_file>
      <input_file id="fl-3f">
         <path>C:\ti\ccsv8\tools\compiler\ti-cgt-c2000_18.1.3.LTS\lib\</path>
         <kind>archive</kind>
         <file>rts2800_fpu32.lib</file>
         <name>l_tofd28.asm.obj</name>
      </input_file>
      <input_file id="fl-40">
         <path>C:\ti\ccsv8\tools\compiler\ti-cgt-c2000_18.1.3.LTS\lib\</path>
         <kind>archive</kind>
         <file>rts2800_fpu32.lib</file>
         <name>l_div28.asm.obj</name>
      </input_file>
      <input_file id="fl-41">
         <path>C:\ti\ccsv8\tools\compiler\ti-cgt-c2000_18.1.3.LTS\lib\</path>
         <kind>archive</kind>
         <file>rts2800_fpu32.lib</file>
         <name>fs_tofdfpu32.asm.obj</name>
      </input_file>
      <input_file id="fl-42">
         <path>C:\ti\ccsv8\tools\compiler\ti-cgt-c2000_18.1.3.LTS\lib\</path>
         <kind>archive</kind>
         <file>rts2800_fpu32.lib</file>
         <name>errno.c.obj</name>
      </input_file>
      <input_file id="fl-43">
         <path>C:\ti\ccsv8\tools\compiler\ti-cgt-c2000_18.1.3.LTS\lib\</path>
         <kind>archive</kind>
         <file>rts2800_fpu32.lib</file>
         <name>s_copysign.c.obj</name>
      </input_file>
   </input_file_list>
   <object_component_list>
      <object_component id="oc-1fb">
         <name>.text</name>
         <load_address>0xc000</load_address>
         <run_address>0xc000</run_address>
         <size>0xd5d</size>
         <input_file_ref idref="fl-27"/>
      </object_component>
      <object_component id="oc-1ef">
         <name>.text</name>
         <load_address>0xcd5d</load_address>
         <run_address>0xcd5d</run_address>
         <size>0x244</size>
         <input_file_ref idref="fl-5"/>
      </object_component>
      <object_component id="oc-200">
         <name>.text</name>
         <load_address>0xcfa1</load_address>
         <run_address>0xcfa1</run_address>
         <size>0x5a</size>
         <input_file_ref idref="fl-31"/>
      </object_component>
      <object_component id="oc-204">
         <name>.text</name>
         <load_address>0xcffb</load_address>
         <run_address>0xcffb</run_address>
         <size>0x5</size>
         <input_file_ref idref="fl-2e"/>
      </object_component>
      <object_component id="oc-86">
         <name>.text:retain</name>
         <load_address>0xd000</load_address>
         <run_address>0xd000</run_address>
         <size>0x588</size>
         <input_file_ref idref="fl-2"/>
      </object_component>
      <object_component id="oc-1ee">
         <name>.text</name>
         <load_address>0xd588</load_address>
         <run_address>0xd588</run_address>
         <size>0x487</size>
         <input_file_ref idref="fl-8"/>
      </object_component>
      <object_component id="oc-1c3">
         <name>.text</name>
         <load_address>0xda0f</load_address>
         <run_address>0xda0f</run_address>
         <size>0x107</size>
         <input_file_ref idref="fl-3d"/>
      </object_component>
      <object_component id="oc-1eb">
         <name>.text</name>
         <load_address>0xdb16</load_address>
         <run_address>0xdb16</run_address>
         <size>0xb9</size>
         <input_file_ref idref="fl-c"/>
      </object_component>
      <object_component id="oc-1f0">
         <name>.text</name>
         <load_address>0xdbcf</load_address>
         <run_address>0xdbcf</run_address>
         <size>0xb2</size>
         <input_file_ref idref="fl-3"/>
      </object_component>
      <object_component id="oc-201">
         <name>.text</name>
         <load_address>0xdc81</load_address>
         <run_address>0xdc81</run_address>
         <size>0xae</size>
         <input_file_ref idref="fl-32"/>
      </object_component>
      <object_component id="oc-1f1">
         <name>.text</name>
         <load_address>0xdd2f</load_address>
         <run_address>0xdd2f</run_address>
         <size>0xad</size>
         <input_file_ref idref="fl-a"/>
      </object_component>
      <object_component id="oc-191">
         <name>.text</name>
         <load_address>0xdddc</load_address>
         <run_address>0xdddc</run_address>
         <size>0x9c</size>
         <input_file_ref idref="fl-33"/>
      </object_component>
      <object_component id="oc-19b">
         <name>.text</name>
         <load_address>0xde78</load_address>
         <run_address>0xde78</run_address>
         <size>0x8b</size>
         <input_file_ref idref="fl-35"/>
      </object_component>
      <object_component id="oc-125">
         <name>.text</name>
         <load_address>0xdf03</load_address>
         <run_address>0xdf03</run_address>
         <size>0x88</size>
         <input_file_ref idref="fl-1e"/>
      </object_component>
      <object_component id="oc-84">
         <name>.text</name>
         <load_address>0xdf8b</load_address>
         <run_address>0xdf8b</run_address>
         <size>0x56</size>
         <input_file_ref idref="fl-1d"/>
      </object_component>
      <object_component id="oc-1b4">
         <name>.text</name>
         <load_address>0xdfe1</load_address>
         <run_address>0xdfe1</run_address>
         <size>0x1f</size>
         <input_file_ref idref="fl-3a"/>
      </object_component>
      <object_component id="oc-1a0">
         <name>.text</name>
         <load_address>0xe000</load_address>
         <run_address>0xe000</run_address>
         <size>0x83</size>
         <input_file_ref idref="fl-36"/>
      </object_component>
      <object_component id="oc-1f5">
         <name>.text</name>
         <load_address>0xe083</load_address>
         <run_address>0xe083</run_address>
         <size>0x32</size>
         <input_file_ref idref="fl-26"/>
      </object_component>
      <object_component id="oc-1f4">
         <name>.text</name>
         <load_address>0xe0b5</load_address>
         <run_address>0xe0b5</run_address>
         <size>0x31</size>
         <input_file_ref idref="fl-b"/>
      </object_component>
      <object_component id="oc-1fd">
         <name>.text</name>
         <load_address>0xe0e6</load_address>
         <run_address>0xe0e6</run_address>
         <size>0x31</size>
         <input_file_ref idref="fl-28"/>
      </object_component>
      <object_component id="oc-1ff">
         <name>.text</name>
         <load_address>0xe117</load_address>
         <run_address>0xe117</run_address>
         <size>0x2e</size>
         <input_file_ref idref="fl-2a"/>
      </object_component>
      <object_component id="oc-196">
         <name>.text</name>
         <load_address>0xe145</load_address>
         <run_address>0xe145</run_address>
         <size>0x2a</size>
         <input_file_ref idref="fl-34"/>
      </object_component>
      <object_component id="oc-1d2">
         <name>.text</name>
         <load_address>0xe16f</load_address>
         <run_address>0xe16f</run_address>
         <size>0x2a</size>
         <input_file_ref idref="fl-40"/>
      </object_component>
      <object_component id="oc-1e9">
         <name>.text</name>
         <load_address>0xe199</load_address>
         <run_address>0xe199</run_address>
         <size>0x29</size>
         <input_file_ref idref="fl-23"/>
      </object_component>
      <object_component id="oc-1f2">
         <name>.text</name>
         <load_address>0xe1c2</load_address>
         <run_address>0xe1c2</run_address>
         <size>0x28</size>
         <input_file_ref idref="fl-6"/>
      </object_component>
      <object_component id="oc-1f3">
         <name>.text</name>
         <load_address>0xe1ea</load_address>
         <run_address>0xe1ea</run_address>
         <size>0x26</size>
         <input_file_ref idref="fl-7"/>
      </object_component>
      <object_component id="oc-208">
         <name>.text</name>
         <load_address>0xe210</load_address>
         <run_address>0xe210</run_address>
         <size>0x25</size>
         <input_file_ref idref="fl-43"/>
      </object_component>
      <object_component id="oc-1e6">
         <name>.text</name>
         <load_address>0xe235</load_address>
         <run_address>0xe235</run_address>
         <size>0x24</size>
         <input_file_ref idref="fl-1f"/>
      </object_component>
      <object_component id="oc-1af">
         <name>.text</name>
         <load_address>0xe259</load_address>
         <run_address>0xe259</run_address>
         <size>0x21</size>
         <input_file_ref idref="fl-39"/>
      </object_component>
      <object_component id="oc-1be">
         <name>.text</name>
         <load_address>0xe27a</load_address>
         <run_address>0xe27a</run_address>
         <size>0x1e</size>
         <input_file_ref idref="fl-3c"/>
      </object_component>
      <object_component id="oc-1c8">
         <name>.text</name>
         <load_address>0xe298</load_address>
         <run_address>0xe298</run_address>
         <size>0x1d</size>
         <input_file_ref idref="fl-3e"/>
      </object_component>
      <object_component id="oc-1ea">
         <name>.text</name>
         <load_address>0xe2b5</load_address>
         <run_address>0xe2b5</run_address>
         <size>0x1d</size>
         <input_file_ref idref="fl-20"/>
      </object_component>
      <object_component id="oc-1d7">
         <name>.text</name>
         <load_address>0xe2d2</load_address>
         <run_address>0xe2d2</run_address>
         <size>0x1c</size>
         <input_file_ref idref="fl-41"/>
      </object_component>
      <object_component id="oc-1cd">
         <name>.text</name>
         <load_address>0xe2ee</load_address>
         <run_address>0xe2ee</run_address>
         <size>0x1c</size>
         <input_file_ref idref="fl-3f"/>
      </object_component>
      <object_component id="oc-1e8">
         <name>.text</name>
         <load_address>0xe30a</load_address>
         <run_address>0xe30a</run_address>
         <size>0x19</size>
         <input_file_ref idref="fl-25"/>
      </object_component>
      <object_component id="oc-1b9">
         <name>.text</name>
         <load_address>0xe323</load_address>
         <run_address>0xe323</run_address>
         <size>0x18</size>
         <input_file_ref idref="fl-3b"/>
      </object_component>
      <object_component id="oc-1aa">
         <name>.text</name>
         <load_address>0xe33b</load_address>
         <run_address>0xe33b</run_address>
         <size>0xe</size>
         <input_file_ref idref="fl-38"/>
      </object_component>
      <object_component id="oc-205">
         <name>.text</name>
         <load_address>0xe349</load_address>
         <run_address>0xe349</run_address>
         <size>0xd</size>
         <input_file_ref idref="fl-2b"/>
      </object_component>
      <object_component id="oc-203">
         <name>.text</name>
         <load_address>0xe356</load_address>
         <run_address>0xe356</run_address>
         <size>0xc</size>
         <input_file_ref idref="fl-2c"/>
      </object_component>
      <object_component id="oc-202">
         <name>.text</name>
         <load_address>0xe362</load_address>
         <run_address>0xe362</run_address>
         <size>0xc</size>
         <input_file_ref idref="fl-2d"/>
      </object_component>
      <object_component id="oc-1f6">
         <name>.text</name>
         <load_address>0xe36e</load_address>
         <run_address>0xe36e</run_address>
         <size>0x9</size>
         <input_file_ref idref="fl-24"/>
      </object_component>
      <object_component id="oc-1a5">
         <name>.text</name>
         <load_address>0xe377</load_address>
         <run_address>0xe377</run_address>
         <size>0x9</size>
         <input_file_ref idref="fl-37"/>
      </object_component>
      <object_component id="oc-206">
         <name>.text</name>
         <load_address>0xe380</load_address>
         <run_address>0xe380</run_address>
         <size>0x9</size>
         <input_file_ref idref="fl-30"/>
      </object_component>
      <object_component id="oc-1fe">
         <name>.text</name>
         <load_address>0xe389</load_address>
         <run_address>0xe389</run_address>
         <size>0x8</size>
         <input_file_ref idref="fl-2f"/>
      </object_component>
      <object_component id="oc-1e5">
         <name>.text</name>
         <load_address>0xe391</load_address>
         <run_address>0xe391</run_address>
         <size>0x2</size>
         <input_file_ref idref="fl-21"/>
      </object_component>
      <object_component id="oc-1e7">
         <name>.text</name>
         <load_address>0xe393</load_address>
         <run_address>0xe393</run_address>
         <size>0x1</size>
         <input_file_ref idref="fl-22"/>
      </object_component>
      <object_component id="oc-13f">
         <name>.cinit</name>
         <load_address>0x122</load_address>
         <run_address>0x122</run_address>
         <size>0xe</size>
         <input_file_ref idref="fl-23"/>
      </object_component>
      <object_component id="oc-1ed">
         <name>.cinit:__lock</name>
         <load_address>0x130</load_address>
         <run_address>0x130</run_address>
         <size>0x5</size>
         <input_file_ref idref="fl-24"/>
      </object_component>
      <object_component id="oc-1f7">
         <name>.cinit:__unlock</name>
         <load_address>0x135</load_address>
         <run_address>0x135</run_address>
         <size>0x5</size>
         <input_file_ref idref="fl-24"/>
      </object_component>
      <object_component id="oc-10d">
         <name>.cinit</name>
         <load_address>0x13a</load_address>
         <run_address>0x13a</run_address>
         <size>0x4</size>
         <input_file_ref idref="fl-a"/>
      </object_component>
      <object_component id="oc-1dd">
         <name>.cinit</name>
         <load_address>0x13e</load_address>
         <run_address>0x13e</run_address>
         <size>0x4</size>
         <input_file_ref idref="fl-42"/>
      </object_component>
      <object_component id="oc-120">
         <name>.reset</name>
         <load_address>0x3fffc0</load_address>
         <run_address>0x3fffc0</run_address>
         <size>0x2</size>
         <input_file_ref idref="fl-1d"/>
      </object_component>
      <object_component id="oc-11f">
         <name>.stack</name>
         <uninitialized>true</uninitialized>
         <run_address>0x400</run_address>
         <size>0x0</size>
         <input_file_ref idref="fl-1d"/>
      </object_component>
      <object_component id="oc-292">
         <name>.stack</name>
         <uninitialized>true</uninitialized>
         <run_address>0x400</run_address>
         <size>0x0</size>
      </object_component>
      <object_component id="oc-10e">
         <name>.ebss</name>
         <uninitialized>true</uninitialized>
         <run_address>0xadbe</run_address>
         <size>0x1</size>
         <input_file_ref idref="fl-a"/>
      </object_component>
      <object_component id="oc-140">
         <name>.ebss</name>
         <uninitialized>true</uninitialized>
         <run_address>0xadb4</run_address>
         <size>0x6</size>
         <input_file_ref idref="fl-23"/>
      </object_component>
      <object_component id="oc-1fc">
         <name>.ebss:__unlock</name>
         <uninitialized>true</uninitialized>
         <run_address>0xadbc</run_address>
         <size>0x2</size>
         <input_file_ref idref="fl-24"/>
      </object_component>
      <object_component id="oc-1ec">
         <name>.ebss:__lock</name>
         <uninitialized>true</uninitialized>
         <run_address>0xadba</run_address>
         <size>0x2</size>
         <input_file_ref idref="fl-24"/>
      </object_component>
      <object_component id="oc-1de">
         <name>.ebss</name>
         <uninitialized>true</uninitialized>
         <run_address>0xadbf</run_address>
         <size>0x1</size>
         <input_file_ref idref="fl-42"/>
      </object_component>
      <object_component id="oc-1f8">
         <name>.econst:_I2C_Display_Font</name>
         <load_address>0xa800</load_address>
         <run_address>0xa800</run_address>
         <size>0x1e0</size>
         <input_file_ref idref="fl-a"/>
      </object_component>
      <object_component id="oc-1fa">
         <name>.econst:_PieVectTableInit</name>
         <load_address>0xa9e0</load_address>
         <run_address>0xa9e0</run_address>
         <size>0x1c0</size>
         <input_file_ref idref="fl-7"/>
      </object_component>
      <object_component id="oc-207">
         <name>.econst:.string:__ctypes_</name>
         <load_address>0xaba0</load_address>
         <run_address>0xaba0</run_address>
         <size>0x101</size>
         <input_file_ref idref="fl-29"/>
      </object_component>
      <object_component id="oc-1f9">
         <name>.econst:.string:_I2C_Display_Init_Values</name>
         <load_address>0xaca1</load_address>
         <run_address>0xaca1</run_address>
         <size>0x50</size>
         <input_file_ref idref="fl-a"/>
      </object_component>
      <object_component id="oc-11a">
         <name>.econst:.string</name>
         <load_address>0xacf2</load_address>
         <run_address>0xacf2</run_address>
         <size>0x43</size>
         <input_file_ref idref="fl-c"/>
      </object_component>
      <object_component id="oc-156">
         <name>.econst:.string</name>
         <load_address>0xad36</load_address>
         <run_address>0xad36</run_address>
         <size>0x26</size>
         <input_file_ref idref="fl-27"/>
      </object_component>
      <object_component id="oc-155">
         <name>.econst</name>
         <load_address>0xad5c</load_address>
         <run_address>0xad5c</run_address>
         <size>0x1c</size>
         <input_file_ref idref="fl-27"/>
      </object_component>
      <object_component id="oc-18c">
         <name>.econst</name>
         <load_address>0xad78</load_address>
         <run_address>0xad78</run_address>
         <size>0x1c</size>
         <input_file_ref idref="fl-32"/>
      </object_component>
      <object_component id="oc-10f">
         <name>.econst:.string</name>
         <load_address>0xad94</load_address>
         <run_address>0xad94</run_address>
         <size>0x17</size>
         <input_file_ref idref="fl-a"/>
      </object_component>
      <object_component id="oc-186">
         <name>.econst</name>
         <load_address>0xadac</load_address>
         <run_address>0xadac</run_address>
         <size>0x8</size>
         <input_file_ref idref="fl-31"/>
      </object_component>
      <object_component id="oc-107">
         <name>.TI.ramfunc</name>
         <load_address>0x144</load_address>
         <run_address>0x144</run_address>
         <size>0x4</size>
         <input_file_ref idref="fl-9"/>
      </object_component>
      <object_component id="oc-f1">
         <name>PieVectTableFile</name>
         <uninitialized>true</uninitialized>
         <run_address>0xd00</run_address>
         <size>0x1c0</size>
         <input_file_ref idref="fl-4"/>
      </object_component>
      <object_component id="oc-92">
         <name>EmuBModeVar</name>
         <uninitialized>true</uninitialized>
         <run_address>0xd00</run_address>
         <size>0x1</size>
         <input_file_ref idref="fl-4"/>
      </object_component>
      <object_component id="oc-91">
         <name>EmuBootPinsVar</name>
         <uninitialized>true</uninitialized>
         <run_address>0xd01</run_address>
         <size>0x1</size>
         <input_file_ref idref="fl-4"/>
      </object_component>
      <object_component id="oc-aa">
         <name>AdcaResultFile</name>
         <uninitialized>true</uninitialized>
         <run_address>0xb00</run_address>
         <size>0x18</size>
         <input_file_ref idref="fl-4"/>
      </object_component>
      <object_component id="oc-ab">
         <name>AdcbResultFile</name>
         <uninitialized>true</uninitialized>
         <run_address>0xb20</run_address>
         <size>0x18</size>
         <input_file_ref idref="fl-4"/>
      </object_component>
      <object_component id="oc-a8">
         <name>AdccResultFile</name>
         <uninitialized>true</uninitialized>
         <run_address>0xb40</run_address>
         <size>0x18</size>
         <input_file_ref idref="fl-4"/>
      </object_component>
      <object_component id="oc-a9">
         <name>AdcdResultFile</name>
         <uninitialized>true</uninitialized>
         <run_address>0xb60</run_address>
         <size>0x18</size>
         <input_file_ref idref="fl-4"/>
      </object_component>
      <object_component id="oc-d7">
         <name>AdcaRegsFile</name>
         <uninitialized>true</uninitialized>
         <run_address>0x7400</run_address>
         <size>0x80</size>
         <input_file_ref idref="fl-4"/>
      </object_component>
      <object_component id="oc-d8">
         <name>AdcbRegsFile</name>
         <uninitialized>true</uninitialized>
         <run_address>0x7480</run_address>
         <size>0x80</size>
         <input_file_ref idref="fl-4"/>
      </object_component>
      <object_component id="oc-d9">
         <name>AdccRegsFile</name>
         <uninitialized>true</uninitialized>
         <run_address>0x7500</run_address>
         <size>0x80</size>
         <input_file_ref idref="fl-4"/>
      </object_component>
      <object_component id="oc-dc">
         <name>AdcdRegsFile</name>
         <uninitialized>true</uninitialized>
         <run_address>0x7580</run_address>
         <size>0x80</size>
         <input_file_ref idref="fl-4"/>
      </object_component>
      <object_component id="oc-d4">
         <name>AnalogSubsysRegsFile</name>
         <uninitialized>true</uninitialized>
         <run_address>0x5d180</run_address>
         <size>0x48</size>
         <input_file_ref idref="fl-4"/>
      </object_component>
      <object_component id="oc-ed">
         <name>CanaRegsFile</name>
         <uninitialized>true</uninitialized>
         <run_address>0x48000</run_address>
         <size>0x164</size>
         <input_file_ref idref="fl-4"/>
      </object_component>
      <object_component id="oc-ee">
         <name>CanbRegsFile</name>
         <uninitialized>true</uninitialized>
         <run_address>0x4a000</run_address>
         <size>0x164</size>
         <input_file_ref idref="fl-4"/>
      </object_component>
      <object_component id="oc-ce">
         <name>Cla1RegsFile</name>
         <uninitialized>true</uninitialized>
         <run_address>0x1400</run_address>
         <size>0x3e</size>
         <input_file_ref idref="fl-4"/>
      </object_component>
      <object_component id="oc-96">
         <name>Cla1SoftIntRegsFile</name>
         <uninitialized>true</uninitialized>
         <run_address>0xce0</run_address>
         <size>0x4</size>
         <input_file_ref idref="fl-4"/>
      </object_component>
      <object_component id="oc-b8">
         <name>Cmpss1RegsFile</name>
         <uninitialized>true</uninitialized>
         <run_address>0x5c80</run_address>
         <size>0x20</size>
         <input_file_ref idref="fl-4"/>
      </object_component>
      <object_component id="oc-bb">
         <name>Cmpss2RegsFile</name>
         <uninitialized>true</uninitialized>
         <run_address>0x5ca0</run_address>
         <size>0x20</size>
         <input_file_ref idref="fl-4"/>
      </object_component>
      <object_component id="oc-ba">
         <name>Cmpss3RegsFile</name>
         <uninitialized>true</uninitialized>
         <run_address>0x5cc0</run_address>
         <size>0x20</size>
         <input_file_ref idref="fl-4"/>
      </object_component>
      <object_component id="oc-bd">
         <name>Cmpss4RegsFile</name>
         <uninitialized>true</uninitialized>
         <run_address>0x5ce0</run_address>
         <size>0x20</size>
         <input_file_ref idref="fl-4"/>
      </object_component>
      <object_component id="oc-bc">
         <name>Cmpss5RegsFile</name>
         <uninitialized>true</uninitialized>
         <run_address>0x5d00</run_address>
         <size>0x20</size>
         <input_file_ref idref="fl-4"/>
      </object_component>
      <object_component id="oc-b7">
         <name>Cmpss6RegsFile</name>
         <uninitialized>true</uninitialized>
         <run_address>0x5d20</run_address>
         <size>0x20</size>
         <input_file_ref idref="fl-4"/>
      </object_component>
      <object_component id="oc-b6">
         <name>Cmpss7RegsFile</name>
         <uninitialized>true</uninitialized>
         <run_address>0x5d40</run_address>
         <size>0x20</size>
         <input_file_ref idref="fl-4"/>
      </object_component>
      <object_component id="oc-b9">
         <name>Cmpss8RegsFile</name>
         <uninitialized>true</uninitialized>
         <run_address>0x5d60</run_address>
         <size>0x20</size>
         <input_file_ref idref="fl-4"/>
      </object_component>
      <object_component id="oc-9d">
         <name>CpuTimer0RegsFile</name>
         <uninitialized>true</uninitialized>
         <run_address>0xc00</run_address>
         <size>0x8</size>
         <input_file_ref idref="fl-4"/>
      </object_component>
      <object_component id="oc-9f">
         <name>CpuTimer1RegsFile</name>
         <uninitialized>true</uninitialized>
         <run_address>0xc08</run_address>
         <size>0x8</size>
         <input_file_ref idref="fl-4"/>
      </object_component>
      <object_component id="oc-9a">
         <name>CpuTimer2RegsFile</name>
         <uninitialized>true</uninitialized>
         <run_address>0xc10</run_address>
         <size>0x8</size>
         <input_file_ref idref="fl-4"/>
      </object_component>
      <object_component id="oc-99">
         <name>DacaRegsFile</name>
         <uninitialized>true</uninitialized>
         <run_address>0x5c00</run_address>
         <size>0x8</size>
         <input_file_ref idref="fl-4"/>
      </object_component>
      <object_component id="oc-9e">
         <name>DacbRegsFile</name>
         <uninitialized>true</uninitialized>
         <run_address>0x5c10</run_address>
         <size>0x8</size>
         <input_file_ref idref="fl-4"/>
      </object_component>
      <object_component id="oc-9b">
         <name>DaccRegsFile</name>
         <uninitialized>true</uninitialized>
         <run_address>0x5c20</run_address>
         <size>0x8</size>
         <input_file_ref idref="fl-4"/>
      </object_component>
      <object_component id="oc-c6">
         <name>DcsmZ1RegsFile</name>
         <uninitialized>true</uninitialized>
         <run_address>0x5f000</run_address>
         <size>0x24</size>
         <input_file_ref idref="fl-4"/>
      </object_component>
      <object_component id="oc-c7">
         <name>DcsmZ2RegsFile</name>
         <uninitialized>true</uninitialized>
         <run_address>0x5f040</run_address>
         <size>0x24</size>
         <input_file_ref idref="fl-4"/>
      </object_component>
      <object_component id="oc-9c">
         <name>DcsmCommonRegsFile</name>
         <uninitialized>true</uninitialized>
         <run_address>0x5f070</run_address>
         <size>0x8</size>
         <input_file_ref idref="fl-4"/>
      </object_component>
      <object_component id="oc-df">
         <name>DmaRegsFile</name>
         <uninitialized>true</uninitialized>
         <run_address>0x1000</run_address>
         <size>0xe0</size>
         <input_file_ref idref="fl-4"/>
      </object_component>
      <object_component id="oc-ad">
         <name>DmaClaSrcSelRegsFile</name>
         <uninitialized>true</uninitialized>
         <run_address>0x7980</run_address>
         <size>0x1a</size>
         <input_file_ref idref="fl-4"/>
      </object_component>
      <object_component id="oc-bf">
         <name>ECap1RegsFile</name>
         <uninitialized>true</uninitialized>
         <run_address>0x5000</run_address>
         <size>0x20</size>
         <input_file_ref idref="fl-4"/>
      </object_component>
      <object_component id="oc-be">
         <name>ECap2RegsFile</name>
         <uninitialized>true</uninitialized>
         <run_address>0x5020</run_address>
         <size>0x20</size>
         <input_file_ref idref="fl-4"/>
      </object_component>
      <object_component id="oc-ae">
         <name>ECap3RegsFile</name>
         <uninitialized>true</uninitialized>
         <run_address>0x5040</run_address>
         <size>0x20</size>
         <input_file_ref idref="fl-4"/>
      </object_component>
      <object_component id="oc-af">
         <name>ECap4RegsFile</name>
         <uninitialized>true</uninitialized>
         <run_address>0x5060</run_address>
         <size>0x20</size>
         <input_file_ref idref="fl-4"/>
      </object_component>
      <object_component id="oc-b0">
         <name>ECap5RegsFile</name>
         <uninitialized>true</uninitialized>
         <run_address>0x5080</run_address>
         <size>0x20</size>
         <input_file_ref idref="fl-4"/>
      </object_component>
      <object_component id="oc-b3">
         <name>ECap6RegsFile</name>
         <uninitialized>true</uninitialized>
         <run_address>0x50a0</run_address>
         <size>0x20</size>
         <input_file_ref idref="fl-4"/>
      </object_component>
      <object_component id="oc-d5">
         <name>Emif1RegsFile</name>
         <uninitialized>true</uninitialized>
         <run_address>0x47000</run_address>
         <size>0x70</size>
         <input_file_ref idref="fl-4"/>
      </object_component>
      <object_component id="oc-d6">
         <name>Emif2RegsFile</name>
         <uninitialized>true</uninitialized>
         <run_address>0x47800</run_address>
         <size>0x70</size>
         <input_file_ref idref="fl-4"/>
      </object_component>
      <object_component id="oc-e4">
         <name>EPwm1RegsFile</name>
         <uninitialized>true</uninitialized>
         <run_address>0x4000</run_address>
         <size>0x100</size>
         <input_file_ref idref="fl-4"/>
      </object_component>
      <object_component id="oc-e3">
         <name>EPwm2RegsFile</name>
         <uninitialized>true</uninitialized>
         <run_address>0x4100</run_address>
         <size>0x100</size>
         <input_file_ref idref="fl-4"/>
      </object_component>
      <object_component id="oc-e6">
         <name>EPwm3RegsFile</name>
         <uninitialized>true</uninitialized>
         <run_address>0x4200</run_address>
         <size>0x100</size>
         <input_file_ref idref="fl-4"/>
      </object_component>
      <object_component id="oc-e1">
         <name>EPwm4RegsFile</name>
         <uninitialized>true</uninitialized>
         <run_address>0x4300</run_address>
         <size>0x100</size>
         <input_file_ref idref="fl-4"/>
      </object_component>
      <object_component id="oc-e0">
         <name>EPwm5RegsFile</name>
         <uninitialized>true</uninitialized>
         <run_address>0x4400</run_address>
         <size>0x100</size>
         <input_file_ref idref="fl-4"/>
      </object_component>
      <object_component id="oc-e5">
         <name>EPwm6RegsFile</name>
         <uninitialized>true</uninitialized>
         <run_address>0x4500</run_address>
         <size>0x100</size>
         <input_file_ref idref="fl-4"/>
      </object_component>
      <object_component id="oc-e2">
         <name>EPwm7RegsFile</name>
         <uninitialized>true</uninitialized>
         <run_address>0x4600</run_address>
         <size>0x100</size>
         <input_file_ref idref="fl-4"/>
      </object_component>
      <object_component id="oc-eb">
         <name>EPwm8RegsFile</name>
         <uninitialized>true</uninitialized>
         <run_address>0x4700</run_address>
         <size>0x100</size>
         <input_file_ref idref="fl-4"/>
      </object_component>
      <object_component id="oc-e9">
         <name>EPwm9RegsFile</name>
         <uninitialized>true</uninitialized>
         <run_address>0x4800</run_address>
         <size>0x100</size>
         <input_file_ref idref="fl-4"/>
      </object_component>
      <object_component id="oc-ea">
         <name>EPwm10RegsFile</name>
         <uninitialized>true</uninitialized>
         <run_address>0x4900</run_address>
         <size>0x100</size>
         <input_file_ref idref="fl-4"/>
      </object_component>
      <object_component id="oc-e7">
         <name>EPwm11RegsFile</name>
         <uninitialized>true</uninitialized>
         <run_address>0x4a00</run_address>
         <size>0x100</size>
         <input_file_ref idref="fl-4"/>
      </object_component>
      <object_component id="oc-e8">
         <name>EPwm12RegsFile</name>
         <uninitialized>true</uninitialized>
         <run_address>0x4b00</run_address>
         <size>0x100</size>
         <input_file_ref idref="fl-4"/>
      </object_component>
      <object_component id="oc-d1">
         <name>EPwmXbarRegsFile</name>
         <uninitialized>true</uninitialized>
         <run_address>0x7a00</run_address>
         <size>0x40</size>
         <input_file_ref idref="fl-4"/>
      </object_component>
      <object_component id="oc-c2">
         <name>EQep1RegsFile</name>
         <uninitialized>true</uninitialized>
         <run_address>0x5100</run_address>
         <size>0x22</size>
         <input_file_ref idref="fl-4"/>
      </object_component>
      <object_component id="oc-c3">
         <name>EQep2RegsFile</name>
         <uninitialized>true</uninitialized>
         <run_address>0x5140</run_address>
         <size>0x22</size>
         <input_file_ref idref="fl-4"/>
      </object_component>
      <object_component id="oc-c4">
         <name>EQep3RegsFile</name>
         <uninitialized>true</uninitialized>
         <run_address>0x5180</run_address>
         <size>0x22</size>
         <input_file_ref idref="fl-4"/>
      </object_component>
      <object_component id="oc-f0">
         <name>Flash0CtrlRegsFile</name>
         <uninitialized>true</uninitialized>
         <run_address>0x5f800</run_address>
         <size>0x182</size>
         <input_file_ref idref="fl-4"/>
      </object_component>
      <object_component id="oc-ca">
         <name>Flash0EccRegsFile</name>
         <uninitialized>true</uninitialized>
         <run_address>0x5fb00</run_address>
         <size>0x28</size>
         <input_file_ref idref="fl-4"/>
      </object_component>
      <object_component id="oc-ef">
         <name>GpioCtrlRegsFile</name>
         <uninitialized>true</uninitialized>
         <run_address>0x7c00</run_address>
         <size>0x180</size>
         <input_file_ref idref="fl-4"/>
      </object_component>
      <object_component id="oc-cc">
         <name>GpioDataRegsFile</name>
         <uninitialized>true</uninitialized>
         <run_address>0x7f00</run_address>
         <size>0x30</size>
         <input_file_ref idref="fl-4"/>
      </object_component>
      <object_component id="oc-d2">
         <name>OutputXbarRegsFile</name>
         <uninitialized>true</uninitialized>
         <run_address>0x7a80</run_address>
         <size>0x40</size>
         <input_file_ref idref="fl-4"/>
      </object_component>
      <object_component id="oc-c1">
         <name>I2caRegsFile</name>
         <uninitialized>true</uninitialized>
         <run_address>0x7300</run_address>
         <size>0x22</size>
         <input_file_ref idref="fl-4"/>
      </object_component>
      <object_component id="oc-c0">
         <name>I2cbRegsFile</name>
         <uninitialized>true</uninitialized>
         <run_address>0x7340</run_address>
         <size>0x22</size>
         <input_file_ref idref="fl-4"/>
      </object_component>
      <object_component id="oc-b4">
         <name>InputXbarRegsFile</name>
         <uninitialized>true</uninitialized>
         <run_address>0x7900</run_address>
         <size>0x20</size>
         <input_file_ref idref="fl-4"/>
      </object_component>
      <object_component id="oc-b1">
         <name>XbarRegsFile</name>
         <uninitialized>true</uninitialized>
         <run_address>0x7920</run_address>
         <size>0x20</size>
         <input_file_ref idref="fl-4"/>
      </object_component>
      <object_component id="oc-c9">
         <name>IpcRegsFile</name>
         <uninitialized>true</uninitialized>
         <run_address>0x50000</run_address>
         <size>0x24</size>
         <input_file_ref idref="fl-4"/>
      </object_component>
      <object_component id="oc-94">
         <name>FlashPumpSemaphoreRegsFile</name>
         <uninitialized>true</uninitialized>
         <run_address>0x50024</run_address>
         <size>0x2</size>
         <input_file_ref idref="fl-4"/>
      </object_component>
      <object_component id="oc-93">
         <name>RomPrefetchRegsFile</name>
         <uninitialized>true</uninitialized>
         <run_address>0x5e608</run_address>
         <size>0x2</size>
         <input_file_ref idref="fl-4"/>
      </object_component>
      <object_component id="oc-da">
         <name>MemCfgRegsFile</name>
         <uninitialized>true</uninitialized>
         <run_address>0x5f400</run_address>
         <size>0x80</size>
         <input_file_ref idref="fl-4"/>
      </object_component>
      <object_component id="oc-b2">
         <name>Emif1ConfigRegsFile</name>
         <uninitialized>true</uninitialized>
         <run_address>0x5f480</run_address>
         <size>0x20</size>
         <input_file_ref idref="fl-4"/>
      </object_component>
      <object_component id="oc-b5">
         <name>Emif2ConfigRegsFile</name>
         <uninitialized>true</uninitialized>
         <run_address>0x5f4a0</run_address>
         <size>0x20</size>
         <input_file_ref idref="fl-4"/>
      </object_component>
      <object_component id="oc-cf">
         <name>AccessProtectionRegsFile</name>
         <uninitialized>true</uninitialized>
         <run_address>0x5f4c0</run_address>
         <size>0x40</size>
         <input_file_ref idref="fl-4"/>
      </object_component>
      <object_component id="oc-d0">
         <name>MemoryErrorRegsFile</name>
         <uninitialized>true</uninitialized>
         <run_address>0x5f500</run_address>
         <size>0x40</size>
         <input_file_ref idref="fl-4"/>
      </object_component>
      <object_component id="oc-95">
         <name>RomWaitStateRegsFile</name>
         <uninitialized>true</uninitialized>
         <run_address>0x5f540</run_address>
         <size>0x2</size>
         <input_file_ref idref="fl-4"/>
      </object_component>
      <object_component id="oc-c8">
         <name>McbspaRegsFile</name>
         <uninitialized>true</uninitialized>
         <run_address>0x6000</run_address>
         <size>0x24</size>
         <input_file_ref idref="fl-4"/>
      </object_component>
      <object_component id="oc-c5">
         <name>McbspbRegsFile</name>
         <uninitialized>true</uninitialized>
         <run_address>0x6040</run_address>
         <size>0x24</size>
         <input_file_ref idref="fl-4"/>
      </object_component>
      <object_component id="oc-d3">
         <name>UppRegsFile</name>
         <uninitialized>true</uninitialized>
         <run_address>0x6200</run_address>
         <size>0x48</size>
         <input_file_ref idref="fl-4"/>
      </object_component>
      <object_component id="oc-98">
         <name>NmiIntruptRegsFile</name>
         <uninitialized>true</uninitialized>
         <run_address>0x7060</run_address>
         <size>0x7</size>
         <input_file_ref idref="fl-4"/>
      </object_component>
      <object_component id="oc-ac">
         <name>PieCtrlRegsFile</name>
         <uninitialized>true</uninitialized>
         <run_address>0xce0</run_address>
         <size>0x1a</size>
         <input_file_ref idref="fl-4"/>
      </object_component>
      <object_component id="oc-a4">
         <name>SciaRegsFile</name>
         <uninitialized>true</uninitialized>
         <run_address>0x7200</run_address>
         <size>0x10</size>
         <input_file_ref idref="fl-4"/>
      </object_component>
      <object_component id="oc-a3">
         <name>ScibRegsFile</name>
         <uninitialized>true</uninitialized>
         <run_address>0x7210</run_address>
         <size>0x10</size>
         <input_file_ref idref="fl-4"/>
      </object_component>
      <object_component id="oc-a6">
         <name>ScicRegsFile</name>
         <uninitialized>true</uninitialized>
         <run_address>0x7220</run_address>
         <size>0x10</size>
         <input_file_ref idref="fl-4"/>
      </object_component>
      <object_component id="oc-a5">
         <name>ScidRegsFile</name>
         <uninitialized>true</uninitialized>
         <run_address>0x7230</run_address>
         <size>0x10</size>
         <input_file_ref idref="fl-4"/>
      </object_component>
      <object_component id="oc-dd">
         <name>Sdfm1RegsFile</name>
         <uninitialized>true</uninitialized>
         <run_address>0x5e00</run_address>
         <size>0x80</size>
         <input_file_ref idref="fl-4"/>
      </object_component>
      <object_component id="oc-db">
         <name>Sdfm2RegsFile</name>
         <uninitialized>true</uninitialized>
         <run_address>0x5e80</run_address>
         <size>0x80</size>
         <input_file_ref idref="fl-4"/>
      </object_component>
      <object_component id="oc-a1">
         <name>SpiaRegsFile</name>
         <uninitialized>true</uninitialized>
         <run_address>0x6100</run_address>
         <size>0x10</size>
         <input_file_ref idref="fl-4"/>
      </object_component>
      <object_component id="oc-a7">
         <name>SpibRegsFile</name>
         <uninitialized>true</uninitialized>
         <run_address>0x6110</run_address>
         <size>0x10</size>
         <input_file_ref idref="fl-4"/>
      </object_component>
      <object_component id="oc-a2">
         <name>SpicRegsFile</name>
         <uninitialized>true</uninitialized>
         <run_address>0x6120</run_address>
         <size>0x10</size>
         <input_file_ref idref="fl-4"/>
      </object_component>
      <object_component id="oc-ec">
         <name>DevCfgRegsFile</name>
         <uninitialized>true</uninitialized>
         <run_address>0x5d000</run_address>
         <size>0x12e</size>
         <input_file_ref idref="fl-4"/>
      </object_component>
      <object_component id="oc-cd">
         <name>ClkCfgRegsFile</name>
         <uninitialized>true</uninitialized>
         <run_address>0x5d200</run_address>
         <size>0x32</size>
         <input_file_ref idref="fl-4"/>
      </object_component>
      <object_component id="oc-de">
         <name>CpuSysRegsFile</name>
         <uninitialized>true</uninitialized>
         <run_address>0x5d300</run_address>
         <size>0x82</size>
         <input_file_ref idref="fl-4"/>
      </object_component>
      <object_component id="oc-97">
         <name>SyncSocRegsFile</name>
         <uninitialized>true</uninitialized>
         <run_address>0x7940</run_address>
         <size>0x6</size>
         <input_file_ref idref="fl-4"/>
      </object_component>
      <object_component id="oc-cb">
         <name>WdRegsFile</name>
         <uninitialized>true</uninitialized>
         <run_address>0x7000</run_address>
         <size>0x2b</size>
         <input_file_ref idref="fl-4"/>
      </object_component>
      <object_component id="oc-a0">
         <name>XintRegsFile</name>
         <uninitialized>true</uninitialized>
         <run_address>0x7070</run_address>
         <size>0xb</size>
         <input_file_ref idref="fl-4"/>
      </object_component>
      <object_component id="oc-85">
         <name>.debug_info</name>
         <load_address>0x0</load_address>
         <run_address>0x0</run_address>
         <size>0x350e</size>
         <input_file_ref idref="fl-2"/>
      </object_component>
      <object_component id="oc-8b">
         <name>.debug_info</name>
         <load_address>0x350e</load_address>
         <run_address>0x350e</run_address>
         <size>0x1431b</size>
         <input_file_ref idref="fl-3"/>
      </object_component>
      <object_component id="oc-90">
         <name>.debug_info</name>
         <load_address>0x17829</load_address>
         <run_address>0x17829</run_address>
         <size>0x50513</size>
         <input_file_ref idref="fl-4"/>
      </object_component>
      <object_component id="oc-f3">
         <name>.debug_info</name>
         <load_address>0x67d3c</load_address>
         <run_address>0x67d3c</run_address>
         <size>0x19f8a</size>
         <input_file_ref idref="fl-5"/>
      </object_component>
      <object_component id="oc-f8">
         <name>.debug_info</name>
         <load_address>0x81cc6</load_address>
         <run_address>0x81cc6</run_address>
         <size>0x3574</size>
         <input_file_ref idref="fl-6"/>
      </object_component>
      <object_component id="oc-fd">
         <name>.debug_info</name>
         <load_address>0x8523a</load_address>
         <run_address>0x8523a</run_address>
         <size>0x673a</size>
         <input_file_ref idref="fl-7"/>
      </object_component>
      <object_component id="oc-102">
         <name>.debug_info</name>
         <load_address>0x8b974</load_address>
         <run_address>0x8b974</run_address>
         <size>0xcb24</size>
         <input_file_ref idref="fl-8"/>
      </object_component>
      <object_component id="oc-108">
         <name>.debug_info</name>
         <load_address>0x98498</load_address>
         <run_address>0x98498</run_address>
         <size>0xe8</size>
         <input_file_ref idref="fl-9"/>
      </object_component>
      <object_component id="oc-10c">
         <name>.debug_info</name>
         <load_address>0x98580</load_address>
         <run_address>0x98580</run_address>
         <size>0x13c6</size>
         <input_file_ref idref="fl-a"/>
      </object_component>
      <object_component id="oc-114">
         <name>.debug_info</name>
         <load_address>0x99946</load_address>
         <run_address>0x99946</run_address>
         <size>0x114b</size>
         <input_file_ref idref="fl-b"/>
      </object_component>
      <object_component id="oc-119">
         <name>.debug_info</name>
         <load_address>0x9aa91</load_address>
         <run_address>0x9aa91</run_address>
         <size>0x17175</size>
         <input_file_ref idref="fl-c"/>
      </object_component>
      <object_component id="oc-121">
         <name>.debug_info</name>
         <load_address>0xb1c06</load_address>
         <run_address>0xb1c06</run_address>
         <size>0x16b</size>
         <input_file_ref idref="fl-1d"/>
      </object_component>
      <object_component id="oc-126">
         <name>.debug_info</name>
         <load_address>0xb1d71</load_address>
         <run_address>0xb1d71</run_address>
         <size>0x10c</size>
         <input_file_ref idref="fl-1e"/>
      </object_component>
      <object_component id="oc-12a">
         <name>.debug_info</name>
         <load_address>0xb1e7d</load_address>
         <run_address>0xb1e7d</run_address>
         <size>0x57f</size>
         <input_file_ref idref="fl-1f"/>
      </object_component>
      <object_component id="oc-12f">
         <name>.debug_info</name>
         <load_address>0xb23fc</load_address>
         <run_address>0xb23fc</run_address>
         <size>0x47a</size>
         <input_file_ref idref="fl-20"/>
      </object_component>
      <object_component id="oc-134">
         <name>.debug_info</name>
         <load_address>0xb2876</load_address>
         <run_address>0xb2876</run_address>
         <size>0x3ed</size>
         <input_file_ref idref="fl-21"/>
      </object_component>
      <object_component id="oc-139">
         <name>.debug_info</name>
         <load_address>0xb2c63</load_address>
         <run_address>0xb2c63</run_address>
         <size>0x3ea</size>
         <input_file_ref idref="fl-22"/>
      </object_component>
      <object_component id="oc-13e">
         <name>.debug_info</name>
         <load_address>0xb304d</load_address>
         <run_address>0xb304d</run_address>
         <size>0x584</size>
         <input_file_ref idref="fl-23"/>
      </object_component>
      <object_component id="oc-145">
         <name>.debug_info</name>
         <load_address>0xb35d1</load_address>
         <run_address>0xb35d1</run_address>
         <size>0x50c</size>
         <input_file_ref idref="fl-24"/>
      </object_component>
      <object_component id="oc-14a">
         <name>.debug_info</name>
         <load_address>0xb3add</load_address>
         <run_address>0xb3add</run_address>
         <size>0x4a7</size>
         <input_file_ref idref="fl-25"/>
      </object_component>
      <object_component id="oc-14f">
         <name>.debug_info</name>
         <load_address>0xb3f84</load_address>
         <run_address>0xb3f84</run_address>
         <size>0x670</size>
         <input_file_ref idref="fl-26"/>
      </object_component>
      <object_component id="oc-154">
         <name>.debug_info</name>
         <load_address>0xb45f4</load_address>
         <run_address>0xb45f4</run_address>
         <size>0x2632</size>
         <input_file_ref idref="fl-27"/>
      </object_component>
      <object_component id="oc-15b">
         <name>.debug_info</name>
         <load_address>0xb6c26</load_address>
         <run_address>0xb6c26</run_address>
         <size>0x45f</size>
         <input_file_ref idref="fl-28"/>
      </object_component>
      <object_component id="oc-160">
         <name>.debug_info</name>
         <load_address>0xb7085</load_address>
         <run_address>0xb7085</run_address>
         <size>0x1dc</size>
         <input_file_ref idref="fl-29"/>
      </object_component>
      <object_component id="oc-162">
         <name>.debug_info</name>
         <load_address>0xb7261</load_address>
         <run_address>0xb7261</run_address>
         <size>0x49f</size>
         <input_file_ref idref="fl-2a"/>
      </object_component>
      <object_component id="oc-167">
         <name>.debug_info</name>
         <load_address>0xb7700</load_address>
         <run_address>0xb7700</run_address>
         <size>0x478</size>
         <input_file_ref idref="fl-2b"/>
      </object_component>
      <object_component id="oc-16c">
         <name>.debug_info</name>
         <load_address>0xb7b78</load_address>
         <run_address>0xb7b78</run_address>
         <size>0x532</size>
         <input_file_ref idref="fl-2c"/>
      </object_component>
      <object_component id="oc-171">
         <name>.debug_info</name>
         <load_address>0xb80aa</load_address>
         <run_address>0xb80aa</run_address>
         <size>0x521</size>
         <input_file_ref idref="fl-2d"/>
      </object_component>
      <object_component id="oc-176">
         <name>.debug_info</name>
         <load_address>0xb85cb</load_address>
         <run_address>0xb85cb</run_address>
         <size>0x514</size>
         <input_file_ref idref="fl-2e"/>
      </object_component>
      <object_component id="oc-17b">
         <name>.debug_info</name>
         <load_address>0xb8adf</load_address>
         <run_address>0xb8adf</run_address>
         <size>0x4da</size>
         <input_file_ref idref="fl-2f"/>
      </object_component>
      <object_component id="oc-180">
         <name>.debug_info</name>
         <load_address>0xb8fb9</load_address>
         <run_address>0xb8fb9</run_address>
         <size>0x42c</size>
         <input_file_ref idref="fl-30"/>
      </object_component>
      <object_component id="oc-185">
         <name>.debug_info</name>
         <load_address>0xb93e5</load_address>
         <run_address>0xb93e5</run_address>
         <size>0x4d6</size>
         <input_file_ref idref="fl-31"/>
      </object_component>
      <object_component id="oc-18b">
         <name>.debug_info</name>
         <load_address>0xb98bb</load_address>
         <run_address>0xb98bb</run_address>
         <size>0x562</size>
         <input_file_ref idref="fl-32"/>
      </object_component>
      <object_component id="oc-192">
         <name>.debug_info</name>
         <load_address>0xb9e1d</load_address>
         <run_address>0xb9e1d</run_address>
         <size>0x10c</size>
         <input_file_ref idref="fl-33"/>
      </object_component>
      <object_component id="oc-197">
         <name>.debug_info</name>
         <load_address>0xb9f29</load_address>
         <run_address>0xb9f29</run_address>
         <size>0x118</size>
         <input_file_ref idref="fl-34"/>
      </object_component>
      <object_component id="oc-19c">
         <name>.debug_info</name>
         <load_address>0xba041</load_address>
         <run_address>0xba041</run_address>
         <size>0x10c</size>
         <input_file_ref idref="fl-35"/>
      </object_component>
      <object_component id="oc-1a1">
         <name>.debug_info</name>
         <load_address>0xba14d</load_address>
         <run_address>0xba14d</run_address>
         <size>0x10c</size>
         <input_file_ref idref="fl-36"/>
      </object_component>
      <object_component id="oc-1a6">
         <name>.debug_info</name>
         <load_address>0xba259</load_address>
         <run_address>0xba259</run_address>
         <size>0x10c</size>
         <input_file_ref idref="fl-37"/>
      </object_component>
      <object_component id="oc-1ab">
         <name>.debug_info</name>
         <load_address>0xba365</load_address>
         <run_address>0xba365</run_address>
         <size>0x11a</size>
         <input_file_ref idref="fl-38"/>
      </object_component>
      <object_component id="oc-1b0">
         <name>.debug_info</name>
         <load_address>0xba47f</load_address>
         <run_address>0xba47f</run_address>
         <size>0x10c</size>
         <input_file_ref idref="fl-39"/>
      </object_component>
      <object_component id="oc-1b5">
         <name>.debug_info</name>
         <load_address>0xba58b</load_address>
         <run_address>0xba58b</run_address>
         <size>0x10c</size>
         <input_file_ref idref="fl-3a"/>
      </object_component>
      <object_component id="oc-1ba">
         <name>.debug_info</name>
         <load_address>0xba697</load_address>
         <run_address>0xba697</run_address>
         <size>0x16e</size>
         <input_file_ref idref="fl-3b"/>
      </object_component>
      <object_component id="oc-1bf">
         <name>.debug_info</name>
         <load_address>0xba805</load_address>
         <run_address>0xba805</run_address>
         <size>0x146</size>
         <input_file_ref idref="fl-3c"/>
      </object_component>
      <object_component id="oc-1c4">
         <name>.debug_info</name>
         <load_address>0xba94b</load_address>
         <run_address>0xba94b</run_address>
         <size>0x229</size>
         <input_file_ref idref="fl-3d"/>
      </object_component>
      <object_component id="oc-1c9">
         <name>.debug_info</name>
         <load_address>0xbab74</load_address>
         <run_address>0xbab74</run_address>
         <size>0x110</size>
         <input_file_ref idref="fl-3e"/>
      </object_component>
      <object_component id="oc-1ce">
         <name>.debug_info</name>
         <load_address>0xbac84</load_address>
         <run_address>0xbac84</run_address>
         <size>0x110</size>
         <input_file_ref idref="fl-3f"/>
      </object_component>
      <object_component id="oc-1d3">
         <name>.debug_info</name>
         <load_address>0xbad94</load_address>
         <run_address>0xbad94</run_address>
         <size>0x19d</size>
         <input_file_ref idref="fl-40"/>
      </object_component>
      <object_component id="oc-1d8">
         <name>.debug_info</name>
         <load_address>0xbaf31</load_address>
         <run_address>0xbaf31</run_address>
         <size>0x112</size>
         <input_file_ref idref="fl-41"/>
      </object_component>
      <object_component id="oc-1dc">
         <name>.debug_info</name>
         <load_address>0xbb043</load_address>
         <run_address>0xbb043</run_address>
         <size>0x1bb</size>
         <input_file_ref idref="fl-42"/>
      </object_component>
      <object_component id="oc-1e0">
         <name>.debug_info</name>
         <load_address>0xbb1fe</load_address>
         <run_address>0xbb1fe</run_address>
         <size>0x463</size>
         <input_file_ref idref="fl-43"/>
      </object_component>
      <object_component id="oc-296">
         <name>.debug_info</name>
         <load_address>0xbb661</load_address>
         <run_address>0xbb661</run_address>
         <size>0xa2</size>
      </object_component>
      <object_component id="oc-87">
         <name>.debug_frame</name>
         <load_address>0x0</load_address>
         <run_address>0x0</run_address>
         <size>0x1640</size>
         <input_file_ref idref="fl-2"/>
      </object_component>
      <object_component id="oc-8c">
         <name>.debug_frame</name>
         <load_address>0x1640</load_address>
         <run_address>0x1640</run_address>
         <size>0xa8</size>
         <input_file_ref idref="fl-3"/>
      </object_component>
      <object_component id="oc-f4">
         <name>.debug_frame</name>
         <load_address>0x16e8</load_address>
         <run_address>0x16e8</run_address>
         <size>0x1b0</size>
         <input_file_ref idref="fl-5"/>
      </object_component>
      <object_component id="oc-f9">
         <name>.debug_frame</name>
         <load_address>0x1898</load_address>
         <run_address>0x1898</run_address>
         <size>0x60</size>
         <input_file_ref idref="fl-6"/>
      </object_component>
      <object_component id="oc-fe">
         <name>.debug_frame</name>
         <load_address>0x18f8</load_address>
         <run_address>0x18f8</run_address>
         <size>0x4c</size>
         <input_file_ref idref="fl-7"/>
      </object_component>
      <object_component id="oc-103">
         <name>.debug_frame</name>
         <load_address>0x1944</load_address>
         <run_address>0x1944</run_address>
         <size>0x228</size>
         <input_file_ref idref="fl-8"/>
      </object_component>
      <object_component id="oc-110">
         <name>.debug_frame</name>
         <load_address>0x1b6c</load_address>
         <run_address>0x1b6c</run_address>
         <size>0xb8</size>
         <input_file_ref idref="fl-a"/>
      </object_component>
      <object_component id="oc-115">
         <name>.debug_frame</name>
         <load_address>0x1c24</load_address>
         <run_address>0x1c24</run_address>
         <size>0x98</size>
         <input_file_ref idref="fl-b"/>
      </object_component>
      <object_component id="oc-11b">
         <name>.debug_frame</name>
         <load_address>0x1cbc</load_address>
         <run_address>0x1cbc</run_address>
         <size>0x4c</size>
         <input_file_ref idref="fl-c"/>
      </object_component>
      <object_component id="oc-12b">
         <name>.debug_frame</name>
         <load_address>0x1d08</load_address>
         <run_address>0x1d08</run_address>
         <size>0x68</size>
         <input_file_ref idref="fl-1f"/>
      </object_component>
      <object_component id="oc-130">
         <name>.debug_frame</name>
         <load_address>0x1d70</load_address>
         <run_address>0x1d70</run_address>
         <size>0x48</size>
         <input_file_ref idref="fl-20"/>
      </object_component>
      <object_component id="oc-135">
         <name>.debug_frame</name>
         <load_address>0x1db8</load_address>
         <run_address>0x1db8</run_address>
         <size>0x48</size>
         <input_file_ref idref="fl-21"/>
      </object_component>
      <object_component id="oc-13a">
         <name>.debug_frame</name>
         <load_address>0x1e00</load_address>
         <run_address>0x1e00</run_address>
         <size>0x48</size>
         <input_file_ref idref="fl-22"/>
      </object_component>
      <object_component id="oc-141">
         <name>.debug_frame</name>
         <load_address>0x1e48</load_address>
         <run_address>0x1e48</run_address>
         <size>0x68</size>
         <input_file_ref idref="fl-23"/>
      </object_component>
      <object_component id="oc-146">
         <name>.debug_frame</name>
         <load_address>0x1eb0</load_address>
         <run_address>0x1eb0</run_address>
         <size>0x78</size>
         <input_file_ref idref="fl-24"/>
      </object_component>
      <object_component id="oc-14b">
         <name>.debug_frame</name>
         <load_address>0x1f28</load_address>
         <run_address>0x1f28</run_address>
         <size>0x48</size>
         <input_file_ref idref="fl-25"/>
      </object_component>
      <object_component id="oc-150">
         <name>.debug_frame</name>
         <load_address>0x1f70</load_address>
         <run_address>0x1f70</run_address>
         <size>0x8c</size>
         <input_file_ref idref="fl-26"/>
      </object_component>
      <object_component id="oc-157">
         <name>.debug_frame</name>
         <load_address>0x1ffc</load_address>
         <run_address>0x1ffc</run_address>
         <size>0x50c</size>
         <input_file_ref idref="fl-27"/>
      </object_component>
      <object_component id="oc-15c">
         <name>.debug_frame</name>
         <load_address>0x2508</load_address>
         <run_address>0x2508</run_address>
         <size>0x48</size>
         <input_file_ref idref="fl-28"/>
      </object_component>
      <object_component id="oc-163">
         <name>.debug_frame</name>
         <load_address>0x2550</load_address>
         <run_address>0x2550</run_address>
         <size>0x54</size>
         <input_file_ref idref="fl-2a"/>
      </object_component>
      <object_component id="oc-168">
         <name>.debug_frame</name>
         <load_address>0x25a4</load_address>
         <run_address>0x25a4</run_address>
         <size>0x48</size>
         <input_file_ref idref="fl-2b"/>
      </object_component>
      <object_component id="oc-16d">
         <name>.debug_frame</name>
         <load_address>0x25ec</load_address>
         <run_address>0x25ec</run_address>
         <size>0x48</size>
         <input_file_ref idref="fl-2c"/>
      </object_component>
      <object_component id="oc-172">
         <name>.debug_frame</name>
         <load_address>0x2634</load_address>
         <run_address>0x2634</run_address>
         <size>0x4c</size>
         <input_file_ref idref="fl-2d"/>
      </object_component>
      <object_component id="oc-177">
         <name>.debug_frame</name>
         <load_address>0x2680</load_address>
         <run_address>0x2680</run_address>
         <size>0x48</size>
         <input_file_ref idref="fl-2e"/>
      </object_component>
      <object_component id="oc-17c">
         <name>.debug_frame</name>
         <load_address>0x26c8</load_address>
         <run_address>0x26c8</run_address>
         <size>0x48</size>
         <input_file_ref idref="fl-2f"/>
      </object_component>
      <object_component id="oc-181">
         <name>.debug_frame</name>
         <load_address>0x2710</load_address>
         <run_address>0x2710</run_address>
         <size>0x48</size>
         <input_file_ref idref="fl-30"/>
      </object_component>
      <object_component id="oc-187">
         <name>.debug_frame</name>
         <load_address>0x2758</load_address>
         <run_address>0x2758</run_address>
         <size>0x60</size>
         <input_file_ref idref="fl-31"/>
      </object_component>
      <object_component id="oc-18d">
         <name>.debug_frame</name>
         <load_address>0x27b8</load_address>
         <run_address>0x27b8</run_address>
         <size>0x60</size>
         <input_file_ref idref="fl-32"/>
      </object_component>
      <object_component id="oc-1e1">
         <name>.debug_frame</name>
         <load_address>0x2818</load_address>
         <run_address>0x2818</run_address>
         <size>0x4c</size>
         <input_file_ref idref="fl-43"/>
      </object_component>
      <object_component id="oc-88">
         <name>.debug_line</name>
         <load_address>0x0</load_address>
         <run_address>0x0</run_address>
         <size>0xcdc</size>
         <input_file_ref idref="fl-2"/>
      </object_component>
      <object_component id="oc-8d">
         <name>.debug_line</name>
         <load_address>0xcdc</load_address>
         <run_address>0xcdc</run_address>
         <size>0x114</size>
         <input_file_ref idref="fl-3"/>
      </object_component>
      <object_component id="oc-f5">
         <name>.debug_line</name>
         <load_address>0xdf0</load_address>
         <run_address>0xdf0</run_address>
         <size>0x264</size>
         <input_file_ref idref="fl-5"/>
      </object_component>
      <object_component id="oc-fa">
         <name>.debug_line</name>
         <load_address>0x1054</load_address>
         <run_address>0x1054</run_address>
         <size>0x87</size>
         <input_file_ref idref="fl-6"/>
      </object_component>
      <object_component id="oc-ff">
         <name>.debug_line</name>
         <load_address>0x10db</load_address>
         <run_address>0x10db</run_address>
         <size>0x69</size>
         <input_file_ref idref="fl-7"/>
      </object_component>
      <object_component id="oc-104">
         <name>.debug_line</name>
         <load_address>0x1144</load_address>
         <run_address>0x1144</run_address>
         <size>0x51c</size>
         <input_file_ref idref="fl-8"/>
      </object_component>
      <object_component id="oc-109">
         <name>.debug_line</name>
         <load_address>0x1660</load_address>
         <run_address>0x1660</run_address>
         <size>0x4a</size>
         <input_file_ref idref="fl-9"/>
      </object_component>
      <object_component id="oc-111">
         <name>.debug_line</name>
         <load_address>0x16aa</load_address>
         <run_address>0x16aa</run_address>
         <size>0xe2</size>
         <input_file_ref idref="fl-a"/>
      </object_component>
      <object_component id="oc-116">
         <name>.debug_line</name>
         <load_address>0x178c</load_address>
         <run_address>0x178c</run_address>
         <size>0xa0</size>
         <input_file_ref idref="fl-b"/>
      </object_component>
      <object_component id="oc-11c">
         <name>.debug_line</name>
         <load_address>0x182c</load_address>
         <run_address>0x182c</run_address>
         <size>0x91</size>
         <input_file_ref idref="fl-c"/>
      </object_component>
      <object_component id="oc-122">
         <name>.debug_line</name>
         <load_address>0x18bd</load_address>
         <run_address>0x18bd</run_address>
         <size>0x7e</size>
         <input_file_ref idref="fl-1d"/>
      </object_component>
      <object_component id="oc-127">
         <name>.debug_line</name>
         <load_address>0x193b</load_address>
         <run_address>0x193b</run_address>
         <size>0xad</size>
         <input_file_ref idref="fl-1e"/>
      </object_component>
      <object_component id="oc-12c">
         <name>.debug_line</name>
         <load_address>0x19e8</load_address>
         <run_address>0x19e8</run_address>
         <size>0x50</size>
         <input_file_ref idref="fl-1f"/>
      </object_component>
      <object_component id="oc-131">
         <name>.debug_line</name>
         <load_address>0x1a38</load_address>
         <run_address>0x1a38</run_address>
         <size>0x62</size>
         <input_file_ref idref="fl-20"/>
      </object_component>
      <object_component id="oc-136">
         <name>.debug_line</name>
         <load_address>0x1a9a</load_address>
         <run_address>0x1a9a</run_address>
         <size>0x3e</size>
         <input_file_ref idref="fl-21"/>
      </object_component>
      <object_component id="oc-13b">
         <name>.debug_line</name>
         <load_address>0x1ad8</load_address>
         <run_address>0x1ad8</run_address>
         <size>0x3a</size>
         <input_file_ref idref="fl-22"/>
      </object_component>
      <object_component id="oc-142">
         <name>.debug_line</name>
         <load_address>0x1b12</load_address>
         <run_address>0x1b12</run_address>
         <size>0x65</size>
         <input_file_ref idref="fl-23"/>
      </object_component>
      <object_component id="oc-147">
         <name>.debug_line</name>
         <load_address>0x1b77</load_address>
         <run_address>0x1b77</run_address>
         <size>0x5e</size>
         <input_file_ref idref="fl-24"/>
      </object_component>
      <object_component id="oc-14c">
         <name>.debug_line</name>
         <load_address>0x1bd5</load_address>
         <run_address>0x1bd5</run_address>
         <size>0x55</size>
         <input_file_ref idref="fl-25"/>
      </object_component>
      <object_component id="oc-151">
         <name>.debug_line</name>
         <load_address>0x1c2a</load_address>
         <run_address>0x1c2a</run_address>
         <size>0x7e</size>
         <input_file_ref idref="fl-26"/>
      </object_component>
      <object_component id="oc-158">
         <name>.debug_line</name>
         <load_address>0x1ca8</load_address>
         <run_address>0x1ca8</run_address>
         <size>0xcc1</size>
         <input_file_ref idref="fl-27"/>
      </object_component>
      <object_component id="oc-15d">
         <name>.debug_line</name>
         <load_address>0x2969</load_address>
         <run_address>0x2969</run_address>
         <size>0x6a</size>
         <input_file_ref idref="fl-28"/>
      </object_component>
      <object_component id="oc-164">
         <name>.debug_line</name>
         <load_address>0x29d3</load_address>
         <run_address>0x29d3</run_address>
         <size>0x5f</size>
[...]
      </symbol>
      <symbol id="sm-362">
         <name>_Emif1ConfigRegs</name>
         <value>0x5f480</value>
         <object_component_ref idref="oc-b2"/>
      </symbol>
      <symbol id="sm-363">
         <name>_Sdfm2Regs</name>
         <value>0x5e80</value>
         <object_component_ref idref="oc-db"/>
      </symbol>
      <symbol id="sm-364">
         <name>_AdcdResultRegs</name>
         <value>0xb60</value>
         <object_component_ref idref="oc-a9"/>
      </symbol>
      <symbol id="sm-365">
         <name>_EQep2Regs</name>
         <value>0x5140</value>
         <object_component_ref idref="oc-c3"/>
      </symbol>
      <symbol id="sm-366">
         <name>_Cmpss1Regs</name>
         <value>0x5c80</value>
         <object_component_ref idref="oc-b8"/>
      </symbol>
      <symbol id="sm-367">
         <name>_EPwm8Regs</name>
         <value>0x4700</value>
         <object_component_ref idref="oc-eb"/>
      </symbol>
      <symbol id="sm-368">
         <name>_Emif2ConfigRegs</name>
         <value>0x5f4a0</value>
         <object_component_ref idref="oc-b5"/>
      </symbol>
      <symbol id="sm-369">
         <name>_DcsmCommonRegs</name>
         <value>0x5f070</value>
         <object_component_ref idref="oc-9c"/>
      </symbol>
      <symbol id="sm-36a">
         <name>_EPwm2Regs</name>
         <value>0x4100</value>
         <object_component_ref idref="oc-e3"/>
      </symbol>
      <symbol id="sm-36b">
         <name>_ECap3Regs</name>
         <value>0x5040</value>
         <object_component_ref idref="oc-ae"/>
      </symbol>
      <symbol id="sm-36c">
         <name>_Cmpss8Regs</name>
         <value>0x5d60</value>
         <object_component_ref idref="oc-b9"/>
      </symbol>
      <symbol id="sm-36d">
         <name>_EQep3Regs</name>
         <value>0x5180</value>
         <object_component_ref idref="oc-c4"/>
      </symbol>
      <symbol id="sm-36e">
         <name>_SyncSocRegs</name>
         <value>0x7940</value>
         <object_component_ref idref="oc-97"/>
      </symbol>
      <symbol id="sm-36f">
         <name>_EPwm9Regs</name>
         <value>0x4800</value>
         <object_component_ref idref="oc-e9"/>
      </symbol>
      <symbol id="sm-370">
         <name>_NmiIntruptRegs</name>
         <value>0x7060</value>
         <object_component_ref idref="oc-98"/>
      </symbol>
      <symbol id="sm-371">
         <name>_EPwm3Regs</name>
         <value>0x4200</value>
         <object_component_ref idref="oc-e6"/>
      </symbol>
      <symbol id="sm-372">
         <name>_I2caRegs</name>
         <value>0x7300</value>
         <object_component_ref idref="oc-c1"/>
      </symbol>
      <symbol id="sm-394">
         <name>_GPIO_SetupLock</name>
         <value>0xcebd</value>
         <object_component_ref idref="oc-1ef"/>
      </symbol>
      <symbol id="sm-395">
         <name>_GPIO_SetupXINT4Gpio</name>
         <value>0xcf04</value>
         <object_component_ref idref="oc-1ef"/>
      </symbol>
      <symbol id="sm-396">
         <name>_InitGpio</name>
         <value>0xcd5d</value>
         <object_component_ref idref="oc-1ef"/>
      </symbol>
      <symbol id="sm-397">
         <name>_GPIO_SetupXINT5Gpio</name>
         <value>0xcf0e</value>
         <object_component_ref idref="oc-1ef"/>
      </symbol>
      <symbol id="sm-398">
         <name>_GPIO_EnableUnbondedIOPullupsFor176Pin</name>
         <value>0xcf18</value>
         <object_component_ref idref="oc-1ef"/>
      </symbol>
      <symbol id="sm-399">
         <name>_GPIO_SetupXINT2Gpio</name>
         <value>0xcef0</value>
         <object_component_ref idref="oc-1ef"/>
      </symbol>
      <symbol id="sm-39a">
         <name>_GPIO_SetupXINT3Gpio</name>
         <value>0xcefa</value>
         <object_component_ref idref="oc-1ef"/>
      </symbol>
      <symbol id="sm-39b">
         <name>_GPIO_WritePin</name>
         <value>0xcf83</value>
         <object_component_ref idref="oc-1ef"/>
      </symbol>
      <symbol id="sm-39c">
         <name>_GPIO_SetupPinOptions</name>
         <value>0xce29</value>
         <object_component_ref idref="oc-1ef"/>
      </symbol>
      <symbol id="sm-39d">
         <name>_GPIO_EnableUnbondedIOPullups</name>
         <value>0xcf56</value>
         <object_component_ref idref="oc-1ef"/>
      </symbol>
      <symbol id="sm-39e">
         <name>_GPIO_SetupXINT1Gpio</name>
         <value>0xcee6</value>
         <object_component_ref idref="oc-1ef"/>
      </symbol>
      <symbol id="sm-39f">
         <name>_GPIO_SetupPinMux</name>
         <value>0xcd9d</value>
         <object_component_ref idref="oc-1ef"/>
      </symbol>
      <symbol id="sm-3a0">
         <name>_GPIO_EnableUnbondedIOPullupsFor100Pin</name>
         <value>0xcf31</value>
         <object_component_ref idref="oc-1ef"/>
      </symbol>
      <symbol id="sm-3a1">
         <name>_GPIO_ReadPin</name>
         <value>0xcf6c</value>
         <object_component_ref idref="oc-1ef"/>
      </symbol>
      <symbol id="sm-3ad">
         <name>_InitPieCtrl</name>
         <value>0xe1c2</value>
         <object_component_ref idref="oc-1f2"/>
      </symbol>
      <symbol id="sm-3ae">
         <name>_EnableInterrupts</name>
         <value>0xe1e1</value>
         <object_component_ref idref="oc-1f2"/>
      </symbol>
      <symbol id="sm-3be">
         <name>_PieVectTableInit</name>
         <value>0xa9e0</value>
         <object_component_ref idref="oc-1fa"/>
      </symbol>
      <symbol id="sm-3bf">
         <name>_InitPieVectTable</name>
         <value>0xe1ea</value>
         <object_component_ref idref="oc-1f3"/>
      </symbol>
      <symbol id="sm-402">
         <name>_InitSysPll</name>
         <value>0xd68a</value>
         <object_component_ref idref="oc-1ee"/>
      </symbol>
      <symbol id="sm-403">
         <name>_SeizeFlashPump</name>
         <value>0xd655</value>
         <object_component_ref idref="oc-1ee"/>
      </symbol>
      <symbol id="sm-404">
         <name>_DisablePeripheralClocks</name>
         <value>0xd63d</value>
         <object_component_ref idref="oc-1ee"/>
      </symbol>
      <symbol id="sm-405">
         <name>_DisableDog</name>
         <value>0xd67c</value>
         <object_component_ref idref="oc-1ee"/>
      </symbol>
      <symbol id="sm-406">
         <name>_SysIntOsc2Sel</name>
         <value>0xd98d</value>
         <object_component_ref idref="oc-1ee"/>
      </symbol>
      <symbol id="sm-407">
         <name>_ReleaseFlashPump</name>
         <value>0xd664</value>
         <object_component_ref idref="oc-1ee"/>
      </symbol>
      <symbol id="sm-408">
         <name>_HALT</name>
         <value>0xd9d9</value>
         <object_component_ref idref="oc-1ee"/>
      </symbol>
      <symbol id="sm-409">
         <name>_IDLE</name>
         <value>0xd9c5</value>
         <object_component_ref idref="oc-1ee"/>
      </symbol>
      <symbol id="sm-40a">
         <name>_InitPeripheralClocks</name>
         <value>0xd5b9</value>
         <object_component_ref idref="oc-1ee"/>
      </symbol>
      <symbol id="sm-40b">
         <name>_SysXtalOscSel</name>
         <value>0xd999</value>
         <object_component_ref idref="oc-1ee"/>
      </symbol>
      <symbol id="sm-40c">
         <name>_CsmUnlock</name>
         <value>0xd960</value>
         <object_component_ref idref="oc-1ee"/>
      </symbol>
      <symbol id="sm-40d">
         <name>_SysIntOsc1Sel</name>
         <value>0xd981</value>
         <object_component_ref idref="oc-1ee"/>
      </symbol>
      <symbol id="sm-40e">
         <name>_ServiceDog</name>
         <value>0xd66e</value>
         <object_component_ref idref="oc-1ee"/>
      </symbol>
      <symbol id="sm-40f">
         <name>_HIB</name>
         <value>0xd9f2</value>
         <object_component_ref idref="oc-1ee"/>
      </symbol>
      <symbol id="sm-410">
         <name>_AuxAuxClkSel</name>
         <value>0xd9bb</value>
         <object_component_ref idref="oc-1ee"/>
      </symbol>
      <symbol id="sm-411">
         <name>_AuxIntOsc2Sel</name>
         <value>0xd9a5</value>
         <object_component_ref idref="oc-1ee"/>
      </symbol>
      <symbol id="sm-412">
         <name>_InitAuxPll</name>
         <value>0xd879</value>
         <object_component_ref idref="oc-1ee"/>
      </symbol>
      <symbol id="sm-413">
         <name>_InitSysCtrl</name>
         <value>0xd588</value>
         <object_component_ref idref="oc-1ee"/>
      </symbol>
      <symbol id="sm-414">
         <name>_STANDBY</name>
         <value>0xd9ce</value>
         <object_component_ref idref="oc-1ee"/>
      </symbol>
      <symbol id="sm-415">
         <name>_AuxXtalOscSel</name>
         <value>0xd9af</value>
         <object_component_ref idref="oc-1ee"/>
      </symbol>
      <symbol id="sm-421">
         <name>_F28x_usDelay</name>
         <value>0x144</value>
         <object_component_ref idref="oc-107"/>
      </symbol>
      <symbol id="sm-442">
         <name>_I2C_Display_Char</name>
         <value>0xdd63</value>
         <object_component_ref idref="oc-1f1"/>
      </symbol>
      <symbol id="sm-443">
         <name>_I2C_WriteData</name>
         <value>0xdd40</value>
         <object_component_ref idref="oc-1f1"/>
      </symbol>
      <symbol id="sm-444">
         <name>_I2C_Display_Init_Values</name>
         <value>0xaca1</value>
         <object_component_ref idref="oc-1f9"/>
      </symbol>
      <symbol id="sm-445">
         <name>_I2C_Init</name>
         <value>0xdd2f</value>
         <object_component_ref idref="oc-1f1"/>
      </symbol>
      <symbol id="sm-446">
         <name>_I2C_Display_String</name>
         <value>0xdd78</value>
         <object_component_ref idref="oc-1f1"/>
      </symbol>
      <symbol id="sm-447">
         <name>_I2C_Display_Font</name>
         <value>0xa800</value>
         <object_component_ref idref="oc-1f8"/>
      </symbol>
      <symbol id="sm-448">
         <name>_I2C_Display_Init</name>
         <value>0xddaf</value>
         <object_component_ref idref="oc-1f1"/>
      </symbol>
      <symbol id="sm-458">
         <name>_scia_init</name>
         <value>0xe0b5</value>
         <object_component_ref idref="oc-1f4"/>
      </symbol>
      <symbol id="sm-459">
         <name>_scia_xmit</name>
         <value>0xe0c4</value>
         <object_component_ref idref="oc-1f4"/>
      </symbol>
      <symbol id="sm-45a">
         <name>_scia_msg</name>
         <value>0xe0d2</value>
         <object_component_ref idref="oc-1f4"/>
      </symbol>
      <symbol id="sm-45b">
         <name>_scia_fifo_init</name>
         <value>0xe0de</value>
         <object_component_ref idref="oc-1f4"/>
      </symbol>
      <symbol id="sm-473">
         <name>_main</name>
         <value>0xdb16</value>
         <object_component_ref idref="oc-1eb"/>
      </symbol>
      <symbol id="sm-48e">
         <name>_c_int00</name>
         <value>0xdf8b</value>
         <object_component_ref idref="oc-84"/>
      </symbol>
      <symbol id="sm-48f">
         <name>__stack</name>
         <value>0x400</value>
         <object_component_ref idref="oc-11f"/>
      </symbol>
      <symbol id="sm-4a0">
         <name>FS$$DIV</name>
         <value>0xdf03</value>
         <object_component_ref idref="oc-125"/>
      </symbol>
      <symbol id="sm-4af">
         <name>_copy_in</name>
         <value>0xe235</value>
         <object_component_ref idref="oc-1e6"/>
      </symbol>
      <symbol id="sm-4c0">
         <name>_memcpy</name>
         <value>0xe2b5</value>
         <object_component_ref idref="oc-1ea"/>
      </symbol>
      <symbol id="sm-4cc">
         <name>__system_pre_init</name>
         <value>0xe391</value>
         <object_component_ref idref="oc-1e5"/>
      </symbol>
      <symbol id="sm-4d9">
         <name>__system_post_cinit</name>
         <value>0xe393</value>
         <object_component_ref idref="oc-1e7"/>
      </symbol>
      <symbol id="sm-4ed">
         <name>C$$EXIT</name>
         <value>0xe199</value>
         <object_component_ref idref="oc-1e9"/>
      </symbol>
      <symbol id="sm-4ee">
         <name>_exit</name>
         <value>0xe19b</value>
         <object_component_ref idref="oc-1e9"/>
      </symbol>
      <symbol id="sm-4ef">
         <name>___TI_cleanup_ptr</name>
         <value>0xadb6</value>
         <object_component_ref idref="oc-140"/>
      </symbol>
      <symbol id="sm-4f0">
         <name>___TI_enable_exit_profile_output</name>
         <value>0xadb4</value>
         <object_component_ref idref="oc-140"/>
      </symbol>
      <symbol id="sm-4f1">
         <name>_abort</name>
         <value>0xe199</value>
         <object_component_ref idref="oc-1e9"/>
      </symbol>
      <symbol id="sm-4f2">
         <name>___TI_dtors_ptr</name>
         <value>0xadb8</value>
         <object_component_ref idref="oc-140"/>
      </symbol>
      <symbol id="sm-506">
         <name>__unlock</name>
         <value>0xadbc</value>
         <object_component_ref idref="oc-1fc"/>
      </symbol>
      <symbol id="sm-507">
         <name>__lock</name>
         <value>0xadba</value>
         <object_component_ref idref="oc-1ec"/>
      </symbol>
      <symbol id="sm-508">
         <name>__register_lock</name>
         <value>0xe372</value>
         <object_component_ref idref="oc-1f6"/>
      </symbol>
      <symbol id="sm-509">
         <name>__nop</name>
         <value>0xe376</value>
         <object_component_ref idref="oc-1f6"/>
      </symbol>
      <symbol id="sm-50a">
         <name>__register_unlock</name>
         <value>0xe36e</value>
         <object_component_ref idref="oc-1f6"/>
      </symbol>
      <symbol id="sm-519">
         <name>__args_main</name>
         <value>0xe30a</value>
         <object_component_ref idref="oc-1e8"/>
      </symbol>
      <symbol id="sm-527">
         <name>_sprintf</name>
         <value>0xe083</value>
         <object_component_ref idref="oc-1f5"/>
      </symbol>
      <symbol id="sm-681">
         <name>___TI_printfi</name>
         <value>0xcbbe</value>
         <object_component_ref idref="oc-1fb"/>
      </symbol>
      <symbol id="sm-695">
         <name>_atoi</name>
         <value>0xe0e6</value>
         <object_component_ref idref="oc-1fd"/>
      </symbol>
      <symbol id="sm-69d">
         <name>__ctypes_</name>
         <value>0xaba0</value>
         <object_component_ref idref="oc-207"/>
      </symbol>
      <symbol id="sm-6ab">
         <name>_ltoa</name>
         <value>0xe117</value>
         <object_component_ref idref="oc-1ff"/>
      </symbol>
      <symbol id="sm-6ba">
         <name>_memccpy</name>
         <value>0xe349</value>
         <object_component_ref idref="oc-205"/>
      </symbol>
      <symbol id="sm-6c8">
         <name>_memset</name>
         <value>0xe356</value>
         <object_component_ref idref="oc-203"/>
      </symbol>
      <symbol id="sm-6d7">
         <name>_strchr</name>
         <value>0xe362</value>
         <object_component_ref idref="oc-202"/>
      </symbol>
      <symbol id="sm-6e4">
         <name>_strcpy</name>
         <value>0xcffb</value>
         <object_component_ref idref="oc-204"/>
      </symbol>
      <symbol id="sm-6f1">
         <name>_strlen</name>
         <value>0xe389</value>
         <object_component_ref idref="oc-1fe"/>
      </symbol>
      <symbol id="sm-6ff">
         <name>_wcslen</name>
         <value>0xe380</value>
         <object_component_ref idref="oc-206"/>
      </symbol>
      <symbol id="sm-712">
         <name>_frexpl</name>
         <value>0xcfa1</value>
         <object_component_ref idref="oc-200"/>
      </symbol>
      <symbol id="sm-730">
         <name>_scalbnl</name>
         <value>0xdc81</value>
         <object_component_ref idref="oc-201"/>
      </symbol>
      <symbol id="sm-731">
         <name>_ldexpl</name>
         <value>0xdc81</value>
         <object_component_ref idref="oc-201"/>
      </symbol>
      <symbol id="sm-74c">
         <name>FD$$ADD</name>
         <value>0xdddc</value>
         <object_component_ref idref="oc-191"/>
      </symbol>
      <symbol id="sm-75c">
         <name>FD$$CMP</name>
         <value>0xe145</value>
         <object_component_ref idref="oc-196"/>
      </symbol>
      <symbol id="sm-773">
         <name>FD$$DIV</name>
         <value>0xde78</value>
         <object_component_ref idref="oc-19b"/>
      </symbol>
      <symbol id="sm-785">
         <name>FD$$MPY</name>
         <value>0xe000</value>
         <object_component_ref idref="oc-1a0"/>
      </symbol>
      <symbol id="sm-792">
         <name>FD$$NEG</name>
         <value>0xe377</value>
         <object_component_ref idref="oc-1a5"/>
      </symbol>
      <symbol id="sm-79e">
         <name>FD$$SUB</name>
         <value>0xe33b</value>
         <object_component_ref idref="oc-1aa"/>
      </symbol>
      <symbol id="sm-7ad">
         <name>FD$$TOI</name>
         <value>0xe259</value>
         <object_component_ref idref="oc-1af"/>
      </symbol>
      <symbol id="sm-7bc">
         <name>FD$$TOL</name>
         <value>0xdfe1</value>
         <object_component_ref idref="oc-1b4"/>
      </symbol>
      <symbol id="sm-7c8">
         <name>LL$$AND</name>
         <value>0xe323</value>
         <object_component_ref idref="oc-1b9"/>
      </symbol>
      <symbol id="sm-7c9">
         <name>LL$$OR</name>
         <value>0xe32b</value>
         <object_component_ref idref="oc-1b9"/>
      </symbol>
      <symbol id="sm-7ca">
         <name>LL$$XOR</name>
         <value>0xe333</value>
         <object_component_ref idref="oc-1b9"/>
      </symbol>
      <symbol id="sm-7d8">
         <name>ULL$$CMP</name>
         <value>0xe28c</value>
         <object_component_ref idref="oc-1be"/>
      </symbol>
      <symbol id="sm-7d9">
         <name>LL$$CMP</name>
         <value>0xe27a</value>
         <object_component_ref idref="oc-1be"/>
      </symbol>
      <symbol id="sm-805">
         <name>ULL$$MOD</name>
         <value>0xdab4</value>
         <object_component_ref idref="oc-1c3"/>
      </symbol>
      <symbol id="sm-806">
         <name>ULL$$DIV</name>
         <value>0xda85</value>
         <object_component_ref idref="oc-1c3"/>
      </symbol>
      <symbol id="sm-807">
         <name>LL$$MOD</name>
         <value>0xda4b</value>
         <object_component_ref idref="oc-1c3"/>
      </symbol>
      <symbol id="sm-808">
         <name>LL$$DIV</name>
         <value>0xda0f</value>
         <object_component_ref idref="oc-1c3"/>
      </symbol>
      <symbol id="sm-818">
         <name>I$$TOFD</name>
         <value>0xe298</value>
         <object_component_ref idref="oc-1c8"/>
      </symbol>
      <symbol id="sm-828">
         <name>L$$TOFD</name>
         <value>0xe2ee</value>
         <object_component_ref idref="oc-1cd"/>
      </symbol>
      <symbol id="sm-834">
         <name>UL$$MOD</name>
         <value>0xe193</value>
         <object_component_ref idref="oc-1d2"/>
      </symbol>
      <symbol id="sm-835">
         <name>L$$MOD</name>
         <value>0xe17e</value>
         <object_component_ref idref="oc-1d2"/>
      </symbol>
      <symbol id="sm-836">
         <name>L$$DIV</name>
         <value>0xe16f</value>
         <object_component_ref idref="oc-1d2"/>
      </symbol>
      <symbol id="sm-837">
         <name>UL$$DIV</name>
         <value>0xe18c</value>
         <object_component_ref idref="oc-1d2"/>
      </symbol>
      <symbol id="sm-847">
         <name>FS$$TOFD</name>
         <value>0xe2d2</value>
         <object_component_ref idref="oc-1d7"/>
      </symbol>
      <symbol id="sm-851">
         <name>_errno</name>
         <value>0xadbf</value>
         <object_component_ref idref="oc-1de"/>
      </symbol>
      <symbol id="sm-85e">
         <name>_copysignl</name>
         <value>0xe210</value>
         <object_component_ref idref="oc-208"/>
      </symbol>
   </symbol_table>
   <title>Link successful</title>
</link_info>
