******************************************************************************
             TMS320C2000 Linker PC v18.1.3                     
******************************************************************************
>> Linked Mon Jan 28 01:47:36 2019

OUTPUT FILE NAME:   <DRGNS_CPU1.out>
ENTRY POINT SYMBOL: "_c_int00"  address: 0000df8b


MEMORY CONFIGURATION

         name            origin    length      used     unused   attr    fill
----------------------  --------  ---------  --------  --------  ----  --------
PAGE 0:
  BEGIN                 00000000   00000002  00000000  00000002  RWIX
  RAMM0                 00000122   000002de  00000026  000002b8  RWIX
  RAMLS0                00008000   00000800  00000000  00000800  RWIX
  RAMLS1                00008800   00000800  00000000  00000800  RWIX
  RAMLS2                00009000   00000800  00000000  00000800  RWIX
  RAMLS3                00009800   00000800  00000000  00000800  RWIX
  RAMLS4                0000a000   00000800  00000000  00000800  RWIX
  RAMD0                 0000b000   00000800  00000000  00000800  RWIX
  RESET                 003fffc0   00000002  00000000  00000002  RWIX

PAGE 1:
  BOOT_RSVD             00000002   00000120  00000000  00000120  RWIX
  RAMM1                 00000400   00000400  00000200  00000200  RWIX
  ADCA_RESULT           00000b00   00000020  00000018  00000008  RWIX
  ADCB_RESULT           00000b20   00000020  00000018  00000008  RWIX
  ADCC_RESULT           00000b40   00000020  00000018  00000008  RWIX
  ADCD_RESULT           00000b60   00000020  00000018  00000008  RWIX
  CPU_TIMER0            00000c00   00000008  00000008  00000000  RWIX
  CPU_TIMER1            00000c08   00000008  00000008  00000000  RWIX
  CPU_TIMER2            00000c10   00000008  00000008  00000000  RWIX
  PIE_CTRL              00000ce0   00000020  0000001a  00000006  RWIX
  PIE_VECT              00000d00   00000200  000001c0  00000040  RWIX
  DMA                   00001000   00000200  000000e0  00000120  RWIX
  CLA1                  00001400   00000040  0000003e  00000002  RWIX
  EPWM1                 00004000   00000100  00000100  00000000  RWIX
  EPWM2                 00004100   00000100  00000100  00000000  RWIX
  EPWM3                 00004200   00000100  00000100  00000000  RWIX
  EPWM4                 00004300   00000100  00000100  00000000  RWIX
  EPWM5                 00004400   00000100  00000100  00000000  RWIX
  EPWM6                 00004500   00000100  00000100  00000000  RWIX
  EPWM7                 00004600   00000100  00000100  00000000  RWIX
  EPWM8                 00004700   00000100  00000100  00000000  RWIX
  EPWM9                 00004800   00000100  00000100  00000000  RWIX
  EPWM10                00004900   00000100  00000100  00000000  RWIX
  EPWM11                00004a00   00000100  00000100  00000000  RWIX
  EPWM12                00004b00   00000100  00000100  00000000  RWIX
  ECAP1                 00005000   00000020  00000020  00000000  RWIX
  ECAP2                 00005020   00000020  00000020  00000000  RWIX
  ECAP3                 00005040   00000020  00000020  00000000  RWIX
  ECAP4                 00005060   00000020  00000020  00000000  RWIX
  ECAP5                 00005080   00000020  00000020  00000000  RWIX
  ECAP6                 000050a0   00000020  00000020  00000000  RWIX
  EQEP1                 00005100   00000040  00000022  0000001e  RWIX
  EQEP2                 00005140   00000040  00000022  0000001e  RWIX
  EQEP3                 00005180   00000040  00000022  0000001e  RWIX
  DACA                  00005c00   00000010  00000008  00000008  RWIX
  DACB                  00005c10   00000010  00000008  00000008  RWIX
  DACC                  00005c20   00000010  00000008  00000008  RWIX
  CMPSS1                00005c80   00000020  00000020  00000000  RWIX
  CMPSS2                00005ca0   00000020  00000020  00000000  RWIX
  CMPSS3                00005cc0   00000020  00000020  00000000  RWIX
  CMPSS4                00005ce0   00000020  00000020  00000000  RWIX
  CMPSS5                00005d00   00000020  00000020  00000000  RWIX
  CMPSS6                00005d20   00000020  00000020  00000000  RWIX
  CMPSS7                00005d40   00000020  00000020  00000000  RWIX
  CMPSS8                00005d60   00000020  00000020  00000000  RWIX
  SDFM1                 00005e00   00000080  00000080  00000000  RWIX
  SDFM2                 00005e80   00000080  00000080  00000000  RWIX
  MCBSPA                00006000   00000040  00000024  0000001c  RWIX
  MCBSPB                00006040   00000040  00000024  0000001c  RWIX
  SPIA                  00006100   00000010  00000010  00000000  RWIX
  SPIB                  00006110   00000010  00000010  00000000  RWIX
  SPIC                  00006120   00000010  00000010  00000000  RWIX
  SPID                  00006130   00000010  00000000  00000010  RWIX
  UPP                   00006200   00000100  00000048  000000b8  RWIX
  WD                    00007000   00000040  0000002b  00000015  RWIX
  NMIINTRUPT            00007060   00000010  00000007  00000009  RWIX
  XINT                  00007070   00000010  0000000b  00000005  RWIX
  SCIA                  00007200   00000010  00000010  00000000  RWIX
  SCIB                  00007210   00000010  00000010  00000000  RWIX
  SCIC                  00007220   00000010  00000010  00000000  RWIX
  SCID                  00007230   00000010  00000010  00000000  RWIX
  I2CA                  00007300   00000040  00000022  0000001e  RWIX
  I2CB                  00007340   00000040  00000022  0000001e  RWIX
  ADCA                  00007400   00000080  00000080  00000000  RWIX
  ADCB                  00007480   00000080  00000080  00000000  RWIX
  ADCC                  00007500   00000080  00000080  00000000  RWIX
  ADCD                  00007580   00000080  00000080  00000000  RWIX
  INPUT_XBAR            00007900   00000020  00000020  00000000  RWIX
  XBAR                  00007920   00000020  00000020  00000000  RWIX
  SYNC_SOC              00007940   00000010  00000006  0000000a  RWIX
  DMACLASRCSEL          00007980   00000040  0000001a  00000026  RWIX
  EPWM_XBAR             00007a00   00000040  00000040  00000000  RWIX
  CLB_XBAR              00007a40   00000040  00000000  00000040  RWIX
  OUTPUT_XBAR           00007a80   00000040  00000040  00000000  RWIX
  GPIOCTRL              00007c00   00000180  00000180  00000000  RWIX
  GPIODAT               00007f00   00000030  00000030  00000000  RWIX
  RAMLS5                0000a800   00000800  000005c0  00000240  RWIX
  RAMD1                 0000b800   00000800  00000000  00000800  RWIX
  RAMGS0                0000c000   00001000  00001000  00000000  RWIX
  RAMGS1                0000d000   00001000  00001000  00000000  RWIX
  RAMGS2                0000e000   00001000  00000394  00000c6c  RWIX
  RAMGS3                0000f000   00001000  00000000  00001000  RWIX
  RAMGS4                00010000   00001000  00000000  00001000  RWIX
  RAMGS5                00011000   00001000  00000000  00001000  RWIX
  RAMGS6                00012000   00001000  00000000  00001000  RWIX
  RAMGS7                00013000   00001000  00000000  00001000  RWIX
  RAMGS8                00014000   00001000  00000000  00001000  RWIX
  RAMGS9                00015000   00001000  00000000  00001000  RWIX
  RAMGS10               00016000   00001000  00000000  00001000  RWIX
  RAMGS11               00017000   00001000  00000000  00001000  RWIX
  RAMGS12               00018000   00001000  00000000  00001000  RWIX
  RAMGS13               00019000   00001000  00000000  00001000  RWIX
  RAMGS14               0001a000   00001000  00000000  00001000  RWIX
  RAMGS15               0001b000   00001000  00000000  00001000  RWIX
  CPU2TOCPU1RAM         0003f800   00000400  00000000  00000400  RWIX
  CPU1TOCPU2RAM         0003fc00   00000400  00000000  00000400  RWIX
  EMIF1                 00047000   00000800  00000070  00000790  RWIX
  EMIF2                 00047800   00000800  00000070  00000790  RWIX
  CANA                  00048000   00000800  00000164  0000069c  RWIX
  CANA_MSG_RAM          00049000   00000800  00000000  00000800  RWIX
  CANB                  0004a000   00000800  00000164  0000069c  RWIX
  CANB_MSG_RAM          0004b000   00000800  00000000  00000800  RWIX
  IPC                   00050000   00000024  00000024  00000000  RWIX
  FLASHPUMPSEMAPHORE    00050024   00000002  00000002  00000000  RWIX
  DEV_CFG               0005d000   00000180  0000012e  00000052  RWIX
  ANALOG_SUBSYS         0005d180   00000080  00000048  00000038  RWIX
  CLK_CFG               0005d200   00000100  00000032  000000ce  RWIX
  CPU_SYS               0005d300   00000100  00000082  0000007e  RWIX
  ROMPREFETCH           0005e608   00000002  00000002  00000000  RWIX
  DCSM_Z1               0005f000   00000030  00000024  0000000c  RWIX
  DCSM_Z2               0005f040   00000030  00000024  0000000c  RWIX
  DCSM_COMMON           0005f070   00000010  00000008  00000008  RWIX
  MEMCFG                0005f400   00000080  00000080  00000000  RWIX
  EMIF1CONFIG           0005f480   00000020  00000020  00000000  RWIX
  EMIF2CONFIG           0005f4a0   00000020  00000020  00000000  RWIX
  ACCESSPROTECTION      0005f4c0   00000040  00000040  00000000  RWIX
  MEMORYERROR           0005f500   00000040  00000040  00000000  RWIX
  ROMWAITSTATE          0005f540   00000002  00000002  00000000  RWIX
  FLASH0_CTRL           0005f800   00000300  00000182  0000017e  RWIX
  FLASH0_ECC            0005fb00   00000040  00000028  00000018  RWIX


SECTION ALLOCATION MAP

 output                                  attributes/
section   page    origin      length       input sections
--------  ----  ----------  ----------   ----------------
.cinit     0    00000122    00000022     
                  00000122    0000000e     rts2800_fpu32.lib : exit.c.obj (.cinit)
                  00000130    00000005                       : _lock.c.obj (.cinit:__lock)
                  00000135    00000005                       : _lock.c.obj (.cinit:__unlock)
                  0000013a    00000004     I2C_SSD1306.obj (.cinit)
                  0000013e    00000004     rts2800_fpu32.lib : errno.c.obj (.cinit)
                  00000142    00000002     --HOLE-- [fill = 0]

.pinit     0    00000122    00000000     UNINITIALIZED

.reset     0    003fffc0    00000002     DSECT
                  003fffc0    00000002     rts2800_fpu32.lib : boot28.asm.obj (.reset)

.stack     1    00000400    00000200     UNINITIALIZED
                  00000400    00000200     --HOLE--

AdcaResultFile 
*          1    00000b00    00000018     UNINITIALIZED
                  00000b00    00000018     F2837xD_GlobalVariableDefs.obj (AdcaResultFile)

AdcbResultFile 
*          1    00000b20    00000018     UNINITIALIZED
                  00000b20    00000018     F2837xD_GlobalVariableDefs.obj (AdcbResultFile)

AdccResultFile 
*          1    00000b40    00000018     UNINITIALIZED
                  00000b40    00000018     F2837xD_GlobalVariableDefs.obj (AdccResultFile)

AdcdResultFile 
*          1    00000b60    00000018     UNINITIALIZED
                  00000b60    00000018     F2837xD_GlobalVariableDefs.obj (AdcdResultFile)

Cla1RegsFile 
*          1    00001400    0000003e     UNINITIALIZED
                  00001400    0000003e     F2837xD_GlobalVariableDefs.obj (Cla1RegsFile)

.econst    1    0000a800    000005b4     
                  0000a800    000001e0     I2C_SSD1306.obj (.econst:_I2C_Display_Font)
                  0000a9e0    000001c0     F2837xD_PieVect.obj (.econst:_PieVectTableInit)
                  0000aba0    00000101     rts2800_fpu32.lib : ctype.c.obj (.econst:.string:__ctypes_)
                  0000aca1    00000050     I2C_SSD1306.obj (.econst:.string:_I2C_Display_Init_Values)
                  0000acf1    00000001     --HOLE-- [fill = 0]
                  0000acf2    00000043     main_cpu1.obj (.econst:.string)
                  0000ad35    00000001     --HOLE-- [fill = 0]
                  0000ad36    00000026     rts2800_fpu32.lib : _printfi.c.obj (.econst:.string)
                  0000ad5c    0000001c                       : _printfi.c.obj (.econst)
                  0000ad78    0000001c                       : s_scalbn.c.obj (.econst)
                  0000ad94    00000017     I2C_SSD1306.obj (.econst:.string)
                  0000adab    00000001     --HOLE-- [fill = 0]
                  0000adac    00000008     rts2800_fpu32.lib : s_frexp.c.obj (.econst)

.ebss      1    0000adb4    0000000c     UNINITIALIZED
                  0000adb4    00000006     rts2800_fpu32.lib : exit.c.obj (.ebss)
                  0000adba    00000002                       : _lock.c.obj (.ebss:__lock)
                  0000adbc    00000002                       : _lock.c.obj (.ebss:__unlock)
                  0000adbe    00000001     I2C_SSD1306.obj (.ebss)
                  0000adbf    00000001     rts2800_fpu32.lib : errno.c.obj (.ebss)

.TI.ramfunc 
*          0    00000144    00000004     
                  00000144    00000004     F2837xD_usDelay.obj (.TI.ramfunc)

GETBUFFER 
*          0    0003f800    00000000     DSECT

GETWRITEIDX 
*          0    0003f800    00000000     DSECT

PUTREADIDX 
*          0    0003f800    00000000     DSECT

CpuTimer0RegsFile 
*          1    00000c00    00000008     UNINITIALIZED
                  00000c00    00000008     F2837xD_GlobalVariableDefs.obj (CpuTimer0RegsFile)

CpuTimer1RegsFile 
*          1    00000c08    00000008     UNINITIALIZED
                  00000c08    00000008     F2837xD_GlobalVariableDefs.obj (CpuTimer1RegsFile)

CpuTimer2RegsFile 
*          1    00000c10    00000008     UNINITIALIZED
                  00000c10    00000008     F2837xD_GlobalVariableDefs.obj (CpuTimer2RegsFile)

PieCtrlRegsFile 
*          1    00000ce0    0000001a     UNINITIALIZED
                  00000ce0    0000001a     F2837xD_GlobalVariableDefs.obj (PieCtrlRegsFile)

PieVectTableFile 
*          1    00000d00    000001c0     UNINITIALIZED
                  00000d00    000001c0     F2837xD_GlobalVariableDefs.obj (PieVectTableFile)

EmuBModeVar 
*          1    00000d00    00000001     UNINITIALIZED
                  00000d00    00000001     F2837xD_GlobalVariableDefs.obj (EmuBModeVar)

EmuBootPinsVar 
*          1    00000d01    00000001     UNINITIALIZED
                  00000d01    00000001     F2837xD_GlobalVariableDefs.obj (EmuBootPinsVar)

DmaRegsFile 
*          1    00001000    000000e0     UNINITIALIZED
                  00001000    000000e0     F2837xD_GlobalVariableDefs.obj (DmaRegsFile)

EPwm1RegsFile 
*          1    00004000    00000100     UNINITIALIZED
                  00004000    00000100     F2837xD_GlobalVariableDefs.obj (EPwm1RegsFile)

EPwm2RegsFile 
*          1    00004100    00000100     UNINITIALIZED
                  00004100    00000100     F2837xD_GlobalVariableDefs.obj (EPwm2RegsFile)

EPwm3RegsFile 
*          1    00004200    00000100     UNINITIALIZED
                  00004200    00000100     F2837xD_GlobalVariableDefs.obj (EPwm3RegsFile)

EPwm4RegsFile 
*          1    00004300    00000100     UNINITIALIZED
                  00004300    00000100     F2837xD_GlobalVariableDefs.obj (EPwm4RegsFile)

EPwm5RegsFile 
*          1    00004400    00000100     UNINITIALIZED
                  00004400    00000100     F2837xD_GlobalVariableDefs.obj (EPwm5RegsFile)

EPwm6RegsFile 
*          1    00004500    00000100     UNINITIALIZED
                  00004500    00000100     F2837xD_GlobalVariableDefs.obj (EPwm6RegsFile)

EPwm7RegsFile 
*          1    00004600    00000100     UNINITIALIZED
                  00004600    00000100     F2837xD_GlobalVariableDefs.obj (EPwm7RegsFile)

EPwm8RegsFile 
*          1    00004700    00000100     UNINITIALIZED
                  00004700    00000100     F2837xD_GlobalVariableDefs.obj (EPwm8RegsFile)

EPwm9RegsFile 
*          1    00004800    00000100     UNINITIALIZED
                  00004800    00000100     F2837xD_GlobalVariableDefs.obj (EPwm9RegsFile)

EPwm10RegsFile 
*          1    00004900    00000100     UNINITIALIZED
                  00004900    00000100     F2837xD_GlobalVariableDefs.obj (EPwm10RegsFile)

EPwm11RegsFile 
*          1    00004a00    00000100     UNINITIALIZED
                  00004a00    00000100     F2837xD_GlobalVariableDefs.obj (EPwm11RegsFile)

EPwm12RegsFile 
*          1    00004b00    00000100     UNINITIALIZED
                  00004b00    00000100     F2837xD_GlobalVariableDefs.obj (EPwm12RegsFile)

ECap1RegsFile 
*          1    00005000    00000020     UNINITIALIZED
                  00005000    00000020     F2837xD_GlobalVariableDefs.obj (ECap1RegsFile)

ECap2RegsFile 
*          1    00005020    00000020     UNINITIALIZED
                  00005020    00000020     F2837xD_GlobalVariableDefs.obj (ECap2RegsFile)

ECap3RegsFile 
*          1    00005040    00000020     UNINITIALIZED
                  00005040    00000020     F2837xD_GlobalVariableDefs.obj (ECap3RegsFile)

ECap4RegsFile 
*          1    00005060    00000020     UNINITIALIZED
                  00005060    00000020     F2837xD_GlobalVariableDefs.obj (ECap4RegsFile)

ECap5RegsFile 
*          1    00005080    00000020     UNINITIALIZED
                  00005080    00000020     F2837xD_GlobalVariableDefs.obj (ECap5RegsFile)

ECap6RegsFile 
*          1    000050a0    00000020     UNINITIALIZED
                  000050a0    00000020     F2837xD_GlobalVariableDefs.obj (ECap6RegsFile)

EQep1RegsFile 
*          1    00005100    00000022     UNINITIALIZED
                  00005100    00000022     F2837xD_GlobalVariableDefs.obj (EQep1RegsFile)

EQep2RegsFile 
*          1    00005140    00000022     UNINITIALIZED
                  00005140    00000022     F2837xD_GlobalVariableDefs.obj (EQep2RegsFile)

EQep3RegsFile 
*          1    00005180    00000022     UNINITIALIZED
                  00005180    00000022     F2837xD_GlobalVariableDefs.obj (EQep3RegsFile)

DacaRegsFile 
*          1    00005c00    00000008     UNINITIALIZED
                  00005c00    00000008     F2837xD_GlobalVariableDefs.obj (DacaRegsFile)

DacbRegsFile 
*          1    00005c10    00000008     UNINITIALIZED
                  00005c10    00000008     F2837xD_GlobalVariableDefs.obj (DacbRegsFile)

DaccRegsFile 
*          1    00005c20    00000008     UNINITIALIZED
                  00005c20    00000008     F2837xD_GlobalVariableDefs.obj (DaccRegsFile)

Sdfm1RegsFile 
*          1    00005e00    00000080     UNINITIALIZED
                  00005e00    00000080     F2837xD_GlobalVariableDefs.obj (Sdfm1RegsFile)

Sdfm2RegsFile 
*          1    00005e80    00000080     UNINITIALIZED
                  00005e80    00000080     F2837xD_GlobalVariableDefs.obj (Sdfm2RegsFile)

McbspaRegsFile 
*          1    00006000    00000024     UNINITIALIZED
                  00006000    00000024     F2837xD_GlobalVariableDefs.obj (McbspaRegsFile)

McbspbRegsFile 
*          1    00006040    00000024     UNINITIALIZED
                  00006040    00000024     F2837xD_GlobalVariableDefs.obj (McbspbRegsFile)

SpiaRegsFile 
*          1    00006100    00000010     UNINITIALIZED
                  00006100    00000010     F2837xD_GlobalVariableDefs.obj (SpiaRegsFile)

SpibRegsFile 
*          1    00006110    00000010     UNINITIALIZED
                  00006110    00000010     F2837xD_GlobalVariableDefs.obj (SpibRegsFile)

SpicRegsFile 
*          1    00006120    00000010     UNINITIALIZED
                  00006120    00000010     F2837xD_GlobalVariableDefs.obj (SpicRegsFile)

UppRegsFile 
*          1    00006200    00000048     UNINITIALIZED
                  00006200    00000048     F2837xD_GlobalVariableDefs.obj (UppRegsFile)

WdRegsFile 
*          1    00007000    0000002b     UNINITIALIZED
                  00007000    0000002b     F2837xD_GlobalVariableDefs.obj (WdRegsFile)

NmiIntruptRegsFile 
*          1    00007060    00000007     UNINITIALIZED
                  00007060    00000007     F2837xD_GlobalVariableDefs.obj (NmiIntruptRegsFile)

XintRegsFile 
*          1    00007070    0000000b     UNINITIALIZED
                  00007070    0000000b     F2837xD_GlobalVariableDefs.obj (XintRegsFile)

SciaRegsFile 
*          1    00007200    00000010     UNINITIALIZED
                  00007200    00000010     F2837xD_GlobalVariableDefs.obj (SciaRegsFile)

ScibRegsFile 
*          1    00007210    00000010     UNINITIALIZED
                  00007210    00000010     F2837xD_GlobalVariableDefs.obj (ScibRegsFile)

ScicRegsFile 
*          1    00007220    00000010     UNINITIALIZED
                  00007220    00000010     F2837xD_GlobalVariableDefs.obj (ScicRegsFile)

ScidRegsFile 
*          1    00007230    00000010     UNINITIALIZED
                  00007230    00000010     F2837xD_GlobalVariableDefs.obj (ScidRegsFile)

I2caRegsFile 
*          1    00007300    00000022     UNINITIALIZED
                  00007300    00000022     F2837xD_GlobalVariableDefs.obj (I2caRegsFile)

I2cbRegsFile 
*          1    00007340    00000022     UNINITIALIZED
                  00007340    00000022     F2837xD_GlobalVariableDefs.obj (I2cbRegsFile)

AdcaRegsFile 
*          1    00007400    00000080     UNINITIALIZED
                  00007400    00000080     F2837xD_GlobalVariableDefs.obj (AdcaRegsFile)

AdcbRegsFile 
*          1    00007480    00000080     UNINITIALIZED
                  00007480    00000080     F2837xD_GlobalVariableDefs.obj (AdcbRegsFile)

AdccRegsFile 
*          1    00007500    00000080     UNINITIALIZED
                  00007500    00000080     F2837xD_GlobalVariableDefs.obj (AdccRegsFile)

AdcdRegsFile 
*          1    00007580    00000080     UNINITIALIZED
                  00007580    00000080     F2837xD_GlobalVariableDefs.obj (AdcdRegsFile)

InputXbarRegsFile 
*          1    00007900    00000020     UNINITIALIZED
                  00007900    00000020     F2837xD_GlobalVariableDefs.obj (InputXbarRegsFile)

XbarRegsFile 
*          1    00007920    00000020     UNINITIALIZED
                  00007920    00000020     F2837xD_GlobalVariableDefs.obj (XbarRegsFile)

SyncSocRegsFile 
*          1    00007940    00000006     UNINITIALIZED
                  00007940    00000006     F2837xD_GlobalVariableDefs.obj (SyncSocRegsFile)

DmaClaSrcSelRegsFile 
*          1    00007980    0000001a     UNINITIALIZED
                  00007980    0000001a     F2837xD_GlobalVariableDefs.obj (DmaClaSrcSelRegsFile)

EPwmXbarRegsFile 
*          1    00007a00    00000040     UNINITIALIZED
                  00007a00    00000040     F2837xD_GlobalVariableDefs.obj (EPwmXbarRegsFile)

OutputXbarRegsFile 
*          1    00007a80    00000040     UNINITIALIZED
                  00007a80    00000040     F2837xD_GlobalVariableDefs.obj (OutputXbarRegsFile)

GpioCtrlRegsFile 
*          1    00007c00    00000180     UNINITIALIZED
                  00007c00    00000180     F2837xD_GlobalVariableDefs.obj (GpioCtrlRegsFile)

GpioDataRegsFile 
*          1    00007f00    00000030     UNINITIALIZED
                  00007f00    00000030     F2837xD_GlobalVariableDefs.obj (GpioDataRegsFile)

Emif1RegsFile 
*          1    00047000    00000070     UNINITIALIZED
                  00047000    00000070     F2837xD_GlobalVariableDefs.obj (Emif1RegsFile)

Emif2RegsFile 
*          1    00047800    00000070     UNINITIALIZED
                  00047800    00000070     F2837xD_GlobalVariableDefs.obj (Emif2RegsFile)

CanaRegsFile 
*          1    00048000    00000164     UNINITIALIZED
                  00048000    00000164     F2837xD_GlobalVariableDefs.obj (CanaRegsFile)

CanbRegsFile 
*          1    0004a000    00000164     UNINITIALIZED
                  0004a000    00000164     F2837xD_GlobalVariableDefs.obj (CanbRegsFile)

AnalogSubsysRegsFile 
*          1    0005d180    00000048     UNINITIALIZED
                  0005d180    00000048     F2837xD_GlobalVariableDefs.obj (AnalogSubsysRegsFile)

Cla1SoftIntRegsFile 
*          1    00000ce0    00000004     DSECT
                  00000ce0    00000004     F2837xD_GlobalVariableDefs.obj (Cla1SoftIntRegsFile)

Cmpss1RegsFile 
*          1    00005c80    00000020     UNINITIALIZED
                  00005c80    00000020     F2837xD_GlobalVariableDefs.obj (Cmpss1RegsFile)

Cmpss2RegsFile 
*          1    00005ca0    00000020     UNINITIALIZED
                  00005ca0    00000020     F2837xD_GlobalVariableDefs.obj (Cmpss2RegsFile)

Cmpss3RegsFile 
*          1    00005cc0    00000020     UNINITIALIZED
                  00005cc0    00000020     F2837xD_GlobalVariableDefs.obj (Cmpss3RegsFile)

Cmpss4RegsFile 
*          1    00005ce0    00000020     UNINITIALIZED
                  00005ce0    00000020     F2837xD_GlobalVariableDefs.obj (Cmpss4RegsFile)

Cmpss5RegsFile 
*          1    00005d00    00000020     UNINITIALIZED
                  00005d00    00000020     F2837xD_GlobalVariableDefs.obj (Cmpss5RegsFile)

Cmpss6RegsFile 
*          1    00005d20    00000020     UNINITIALIZED
                  00005d20    00000020     F2837xD_GlobalVariableDefs.obj (Cmpss6RegsFile)

Cmpss7RegsFile 
*          1    00005d40    00000020     UNINITIALIZED
                  00005d40    00000020     F2837xD_GlobalVariableDefs.obj (Cmpss7RegsFile)

Cmpss8RegsFile 
*          1    00005d60    00000020     UNINITIALIZED
                  00005d60    00000020     F2837xD_GlobalVariableDefs.obj (Cmpss8RegsFile)

IpcRegsFile 
*          1    00050000    00000024     UNINITIALIZED
                  00050000    00000024     F2837xD_GlobalVariableDefs.obj (IpcRegsFile)

FlashPumpSemaphoreRegsFile 
*          1    00050024    00000002     UNINITIALIZED
                  00050024    00000002     F2837xD_GlobalVariableDefs.obj (FlashPumpSemaphoreRegsFile)

RomPrefetchRegsFile 
*          1    0005e608    00000002     UNINITIALIZED
                  0005e608    00000002     F2837xD_GlobalVariableDefs.obj (RomPrefetchRegsFile)

DcsmZ1RegsFile 
*          1    0005f000    00000024     UNINITIALIZED
                  0005f000    00000024     F2837xD_GlobalVariableDefs.obj (DcsmZ1RegsFile)

DcsmZ2RegsFile 
*          1    0005f040    00000024     UNINITIALIZED
                  0005f040    00000024     F2837xD_GlobalVariableDefs.obj (DcsmZ2RegsFile)

DcsmCommonRegsFile 
*          1    0005f070    00000008     UNINITIALIZED
                  0005f070    00000008     F2837xD_GlobalVariableDefs.obj (DcsmCommonRegsFile)

MemCfgRegsFile 
*          1    0005f400    00000080     UNINITIALIZED
                  0005f400    00000080     F2837xD_GlobalVariableDefs.obj (MemCfgRegsFile)

Emif1ConfigRegsFile 
*          1    0005f480    00000020     UNINITIALIZED
                  0005f480    00000020     F2837xD_GlobalVariableDefs.obj (Emif1ConfigRegsFile)

Emif2ConfigRegsFile 
*          1    0005f4a0    00000020     UNINITIALIZED
                  0005f4a0    00000020     F2837xD_GlobalVariableDefs.obj (Emif2ConfigRegsFile)

AccessProtectionRegsFile 
*          1    0005f4c0    00000040     UNINITIALIZED
                  0005f4c0    00000040     F2837xD_GlobalVariableDefs.obj (AccessProtectionRegsFile)

MemoryErrorRegsFile 
*          1    0005f500    00000040     UNINITIALIZED
                  0005f500    00000040     F2837xD_GlobalVariableDefs.obj (MemoryErrorRegsFile)

RomWaitStateRegsFile 
*          1    0005f540    00000002     UNINITIALIZED
                  0005f540    00000002     F2837xD_GlobalVariableDefs.obj (RomWaitStateRegsFile)

Flash0CtrlRegsFile 
*          1    0005f800    00000182     UNINITIALIZED
                  0005f800    00000182     F2837xD_GlobalVariableDefs.obj (Flash0CtrlRegsFile)

Flash0EccRegsFile 
*          1    0005fb00    00000028     UNINITIALIZED
                  0005fb00    00000028     F2837xD_GlobalVariableDefs.obj (Flash0EccRegsFile)

DevCfgRegsFile 
*          1    0005d000    0000012e     UNINITIALIZED
                  0005d000    0000012e     F2837xD_GlobalVariableDefs.obj (DevCfgRegsFile)

ClkCfgRegsFile 
*          1    0005d200    00000032     UNINITIALIZED
                  0005d200    00000032     F2837xD_GlobalVariableDefs.obj (ClkCfgRegsFile)

CpuSysRegsFile 
*          1    0005d300    00000082     UNINITIALIZED
                  0005d300    00000082     F2837xD_GlobalVariableDefs.obj (CpuSysRegsFile)

.text.1    1    0000c000    00001000     
                  0000c000    00000d5d     rts2800_fpu32.lib : _printfi.c.obj (.text)
                  0000cd5d    00000244     F2837xD_Gpio.obj (.text)
                  0000cfa1    0000005a     rts2800_fpu32.lib : s_frexp.c.obj (.text)
                  0000cffb    00000005                       : strcpy.c.obj (.text)

.text.2    1    0000d000    00001000     
                  0000d000    00000588     F2837xD_DefaultISR.obj (.text:retain)
                  0000d588    00000487     F2837xD_SysCtrl.obj (.text)
                  0000da0f    00000107     rts2800_fpu32.lib : ll_div28.asm.obj (.text)
                  0000db16    000000b9     main_cpu1.obj (.text)
                  0000dbcf    000000b2     F2837xD_EQep.obj (.text)
                  0000dc81    000000ae     rts2800_fpu32.lib : s_scalbn.c.obj (.text)
                  0000dd2f    000000ad     I2C_SSD1306.obj (.text)
                  0000dddc    0000009c     rts2800_fpu32.lib : fd_add28.asm.obj (.text)
                  0000de78    0000008b                       : fd_div28.asm.obj (.text)
                  0000df03    00000088                       : fs_div28.asm.obj (.text)
                  0000df8b    00000056                       : boot28.asm.obj (.text)
                  0000dfe1    0000001f                       : fd_tol28.asm.obj (.text)

.text.3    1    0000e000    00000394     
                  0000e000    00000083     rts2800_fpu32.lib : fd_mpy28.asm.obj (.text)
                  0000e083    00000032                       : sprintf.c.obj (.text)
                  0000e0b5    00000031     SCI.obj (.text)
                  0000e0e6    00000031     rts2800_fpu32.lib : atoi.c.obj (.text)
                  0000e117    0000002e                       : ltoa.c.obj (.text)
                  0000e145    0000002a                       : fd_cmp28.asm.obj (.text)
                  0000e16f    0000002a                       : l_div28.asm.obj (.text)
                  0000e199    00000029                       : exit.c.obj (.text)
                  0000e1c2    00000028     F2837xD_PieCtrl.obj (.text)
                  0000e1ea    00000026     F2837xD_PieVect.obj (.text)
                  0000e210    00000025     rts2800_fpu32.lib : s_copysign.c.obj (.text)
                  0000e235    00000024                       : cpy_tbl.c.obj (.text)
                  0000e259    00000021                       : fd_toi28.asm.obj (.text)
                  0000e27a    0000001e                       : ll_cmp28.asm.obj (.text)
                  0000e298    0000001d                       : i_tofd28.asm.obj (.text)
                  0000e2b5    0000001d                       : memcpy.c.obj (.text)
                  0000e2d2    0000001c                       : fs_tofdfpu32.asm.obj (.text)
                  0000e2ee    0000001c                       : l_tofd28.asm.obj (.text)
                  0000e30a    00000019                       : args_main.c.obj (.text)
                  0000e323    00000018                       : ll_aox28.asm.obj (.text)
                  0000e33b    0000000e                       : fd_sub28.asm.obj (.text)
                  0000e349    0000000d                       : memccpy.c.obj (.text)
                  0000e356    0000000c                       : memset.c.obj (.text)
                  0000e362    0000000c                       : strchr.c.obj (.text)
                  0000e36e    00000009                       : _lock.c.obj (.text)
                  0000e377    00000009                       : fd_neg28.asm.obj (.text)
                  0000e380    00000009                       : wcslen.c.obj (.text)
                  0000e389    00000008                       : strlen.c.obj (.text)
                  0000e391    00000002                       : pre_init.c.obj (.text)
                  0000e393    00000001                       : startup.c.obj (.text)

MODULE SUMMARY

       Module                           code   initialized data   uninitialized data
       ------                           ----   ----------------   ------------------
    .\
       F2837xD_GlobalVariableDefs.obj   0      0                  8695              
       F2837xD_DefaultISR.obj           1416   0                  0                 
       F2837xD_SysCtrl.obj              1159   0                  0                 
       I2C_SSD1306.obj                  173    587                1                 
       F2837xD_Gpio.obj                 580    0                  0                 
       F2837xD_PieVect.obj              38     448                0                 
       main_cpu1.obj                    185    67                 0                 
       F2837xD_EQep.obj                 178    0                  0                 
       SCI.obj                          49     0                  0                 
       F2837xD_PieCtrl.obj              40     0                  0                 
       F2837xD_usDelay.obj              4      0                  0                 
    +--+--------------------------------+------+------------------+--------------------+
       Total:                           3822   1102               8696              
                                                                                    
    C:\ti\ccsv8\tools\compiler\ti-cgt-c2000_18.1.3.LTS\lib\rts2800_fpu32.lib
       _printfi.c.obj                   3421   66                 0                 
       ll_div28.asm.obj                 263    0                  0                 
       ctype.c.obj                      0      257                0                 
       s_scalbn.c.obj                   174    28                 0                 
       fd_add28.asm.obj                 156    0                  0                 
       fd_div28.asm.obj                 139    0                  0                 
       fs_div28.asm.obj                 136    0                  0                 
       fd_mpy28.asm.obj                 131    0                  0                 
       s_frexp.c.obj                    90     8                  0                 
       boot28.asm.obj                   86     0                  0                 
       exit.c.obj                       41     14                 6                 
       sprintf.c.obj                    50     0                  0                 
       atoi.c.obj                       49     0                  0                 
       ltoa.c.obj                       46     0                  0                 
       fd_cmp28.asm.obj                 42     0                  0                 
       l_div28.asm.obj                  42     0                  0                 
       s_copysign.c.obj                 37     0                  0                 
       cpy_tbl.c.obj                    36     0                  0                 
       fd_toi28.asm.obj                 33     0                  0                 
       fd_tol28.asm.obj                 31     0                  0                 
       ll_cmp28.asm.obj                 30     0                  0                 
       i_tofd28.asm.obj                 29     0                  0                 
       memcpy.c.obj                     29     0                  0                 
       fs_tofdfpu32.asm.obj             28     0                  0                 
       l_tofd28.asm.obj                 28     0                  0                 
       args_main.c.obj                  25     0                  0                 
       ll_aox28.asm.obj                 24     0                  0                 
       _lock.c.obj                      9      10                 4                 
       fd_sub28.asm.obj                 14     0                  0                 
       memccpy.c.obj                    13     0                  0                 
       memset.c.obj                     12     0                  0                 
       strchr.c.obj                     12     0                  0                 
       fd_neg28.asm.obj                 9      0                  0                 
       wcslen.c.obj                     9      0                  0                 
       strlen.c.obj                     8      0                  0                 
       errno.c.obj                      0      4                  1                 
       strcpy.c.obj                     5      0                  0                 
       pre_init.c.obj                   2      0                  0                 
       startup.c.obj                    1      0                  0                 
    +--+--------------------------------+------+------------------+--------------------+
       Total:                           5290   387                11                
                                                                                    
       Stack:                           0      0                  512               
    +--+--------------------------------+------+------------------+--------------------+
       Grand Total:                     9112   1489               9219              


GLOBAL DATA SYMBOLS: SORTED BY DATA PAGE

address     data page           name
--------    ----------------    ----
00000400      10 (00000400)     __stack

00000b00      2c (00000b00)     _AdcaResultRegs
00000b20      2c (00000b00)     _AdcbResultRegs

00000b40      2d (00000b40)     _AdccResultRegs
00000b60      2d (00000b40)     _AdcdResultRegs

00000c00      30 (00000c00)     _CpuTimer0Regs
00000c08      30 (00000c00)     _CpuTimer1Regs
00000c10      30 (00000c00)     _CpuTimer2Regs

00000ce0      33 (00000cc0)     _Cla1SoftIntRegs
00000ce0      33 (00000cc0)     _PieCtrlRegs

00000d00      34 (00000d00)     _EmuBMode
00000d00      34 (00000d00)     _PieVectTable
00000d01      34 (00000d00)     _EmuBootPins

00001000      40 (00001000)     _DmaRegs

00001400      50 (00001400)     _Cla1Regs

00004000     100 (00004000)     _EPwm1Regs

00004100     104 (00004100)     _EPwm2Regs

00004200     108 (00004200)     _EPwm3Regs

00004300     10c (00004300)     _EPwm4Regs

00004400     110 (00004400)     _EPwm5Regs

00004500     114 (00004500)     _EPwm6Regs

00004600     118 (00004600)     _EPwm7Regs

00004700     11c (00004700)     _EPwm8Regs

00004800     120 (00004800)     _EPwm9Regs

00004900     124 (00004900)     _EPwm10Regs

00004a00     128 (00004a00)     _EPwm11Regs

00004b00     12c (00004b00)     _EPwm12Regs

00005000     140 (00005000)     _ECap1Regs
00005020     140 (00005000)     _ECap2Regs

00005040     141 (00005040)     _ECap3Regs
00005060     141 (00005040)     _ECap4Regs

00005080     142 (00005080)     _ECap5Regs
000050a0     142 (00005080)     _ECap6Regs

00005100     144 (00005100)     _EQep1Regs

00005140     145 (00005140)     _EQep2Regs

00005180     146 (00005180)     _EQep3Regs

00005c00     170 (00005c00)     _DacaRegs
00005c10     170 (00005c00)     _DacbRegs
00005c20     170 (00005c00)     _DaccRegs

00005c80     172 (00005c80)     _Cmpss1Regs
00005ca0     172 (00005c80)     _Cmpss2Regs

00005cc0     173 (00005cc0)     _Cmpss3Regs
00005ce0     173 (00005cc0)     _Cmpss4Regs

00005d00     174 (00005d00)     _Cmpss5Regs
00005d20     174 (00005d00)     _Cmpss6Regs

00005d40     175 (00005d40)     _Cmpss7Regs
00005d60     175 (00005d40)     _Cmpss8Regs

00005e00     178 (00005e00)     _Sdfm1Regs

00005e80     17a (00005e80)     _Sdfm2Regs

00006000     180 (00006000)     _McbspaRegs

00006040     181 (00006040)     _McbspbRegs

00006100     184 (00006100)     _SpiaRegs
00006110     184 (00006100)     _SpibRegs
00006120     184 (00006100)     _SpicRegs

00006200     188 (00006200)     _UppRegs

00007000     1c0 (00007000)     _WdRegs

00007060     1c1 (00007040)     _NmiIntruptRegs
00007070     1c1 (00007040)     _XintRegs

00007200     1c8 (00007200)     _SciaRegs
00007210     1c8 (00007200)     _ScibRegs
00007220     1c8 (00007200)     _ScicRegs
00007230     1c8 (00007200)     _ScidRegs

00007300     1cc (00007300)     _I2caRegs

00007340     1cd (00007340)     _I2cbRegs

00007400     1d0 (00007400)     _AdcaRegs

00007480     1d2 (00007480)     _AdcbRegs

00007500     1d4 (00007500)     _AdccRegs

00007580     1d6 (00007580)     _AdcdRegs

00007900     1e4 (00007900)     _InputXbarRegs
00007920     1e4 (00007900)     _XbarRegs

00007940     1e5 (00007940)     _SyncSocRegs

00007980     1e6 (00007980)     _DmaClaSrcSelRegs

00007a00     1e8 (00007a00)     _EPwmXbarRegs

00007a80     1ea (00007a80)     _OutputXbarRegs

00007c00     1f0 (00007c00)     _GpioCtrlRegs

00007f00     1fc (00007f00)     _GpioDataRegs

0000a800     2a0 (0000a800)     _I2C_Display_Font

0000a9e0     2a7 (0000a9c0)     _PieVectTableInit

0000aba0     2ae (0000ab80)     __ctypes_

0000aca1     2b2 (0000ac80)     _I2C_Display_Init_Values

0000adb4     2b6 (0000ad80)     ___TI_enable_exit_profile_output
0000adb6     2b6 (0000ad80)     ___TI_cleanup_ptr
0000adb8     2b6 (0000ad80)     ___TI_dtors_ptr
0000adba     2b6 (0000ad80)     __lock
0000adbc     2b6 (0000ad80)     __unlock
0000adbf     2b6 (0000ad80)     _errno

00047000    11c0 (00047000)     _Emif1Regs

00047800    11e0 (00047800)     _Emif2Regs

00048000    1200 (00048000)     _CanaRegs

0004a000    1280 (0004a000)     _CanbRegs

00050000    1400 (00050000)     _IpcRegs
00050024    1400 (00050000)     _FlashPumpSemaphoreRegs

0005d000    1740 (0005d000)     _DevCfgRegs

0005d180    1746 (0005d180)     _AnalogSubsysRegs

0005d200    1748 (0005d200)     _ClkCfgRegs

0005d300    174c (0005d300)     _CpuSysRegs

0005e608    1798 (0005e600)     _RomPrefetchRegs

0005f000    17c0 (0005f000)     _DcsmZ1Regs

0005f040    17c1 (0005f040)     _DcsmZ2Regs
0005f070    17c1 (0005f040)     _DcsmCommonRegs

0005f400    17d0 (0005f400)     _MemCfgRegs

0005f480    17d2 (0005f480)     _Emif1ConfigRegs
0005f4a0    17d2 (0005f480)     _Emif2ConfigRegs

0005f4c0    17d3 (0005f4c0)     _AccessProtectionRegs

0005f500    17d4 (0005f500)     _MemoryErrorRegs

0005f540    17d5 (0005f540)     _RomWaitStateRegs

0005f800    17e0 (0005f800)     _Flash0CtrlRegs

0005fb00    17ec (0005fb00)     _Flash0EccRegs


GLOBAL SYMBOLS: SORTED ALPHABETICALLY BY Name 

page  address   name                                  
----  -------   ----                                  
abs   ffffffff  .text                                 
1     0000e199  C$$EXIT                               
1     0000dddc  FD$$ADD                               
1     0000e145  FD$$CMP                               
1     0000de78  FD$$DIV                               
1     0000e000  FD$$MPY                               
1     0000e377  FD$$NEG                               
1     0000e33b  FD$$SUB                               
1     0000e259  FD$$TOI                               
1     0000dfe1  FD$$TOL                               
1     0000df03  FS$$DIV                               
1     0000e2d2  FS$$TOFD                              
1     0000e298  I$$TOFD                               
1     0000e16f  L$$DIV                                
1     0000e17e  L$$MOD                                
1     0000e2ee  L$$TOFD                               
1     0000e323  LL$$AND                               
1     0000e27a  LL$$CMP                               
1     0000da0f  LL$$DIV                               
1     0000da4b  LL$$MOD                               
1     0000e32b  LL$$OR                                
1     0000e333  LL$$XOR                               
1     0000e18c  UL$$DIV                               
1     0000e193  UL$$MOD                               
1     0000e28c  ULL$$CMP                              
1     0000da85  ULL$$DIV                              
1     0000dab4  ULL$$MOD                              
1     0000d0be  _ADCA1_ISR                            
1     0000d341  _ADCA2_ISR                            
1     0000d34b  _ADCA3_ISR                            
1     0000d355  _ADCA4_ISR                            
1     0000d337  _ADCA_EVT_ISR                         
1     0000d0c8  _ADCB1_ISR                            
1     0000d369  _ADCB2_ISR                            
1     0000d373  _ADCB3_ISR                            
1     0000d37d  _ADCB4_ISR                            
1     0000d35f  _ADCB_EVT_ISR                         
1     0000d0d2  _ADCC1_ISR                            
1     0000d4d1  _ADCC2_ISR                            
1     0000d4db  _ADCC3_ISR                            
1     0000d4e5  _ADCC4_ISR                            
1     0000d4c7  _ADCC_EVT_ISR                         
1     0000d0f0  _ADCD1_ISR                            
1     0000d4f9  _ADCD2_ISR                            
1     0000d503  _ADCD3_ISR                            
1     0000d50d  _ADCD4_ISR                            
1     0000d4ef  _ADCD_EVT_ISR                         
1     0000d549  _AUX_PLL_SLIP_ISR                     
1     0005f4c0  _AccessProtectionRegs                 
1     00007400  _AdcaRegs                             
1     00000b00  _AdcaResultRegs                       
1     00007480  _AdcbRegs                             
1     00000b20  _AdcbResultRegs                       
1     00007500  _AdccRegs                             
1     00000b40  _AdccResultRegs                       
1     00007580  _AdcdRegs                             
1     00000b60  _AdcdResultRegs                       
1     0005d180  _AnalogSubsysRegs                     
1     0000d9bb  _AuxAuxClkSel                         
1     0000d9a5  _AuxIntOsc2Sel                        
1     0000d9af  _AuxXtalOscSel                        
1     0000d30f  _CANA0_ISR                            
1     0000d319  _CANA1_ISR                            
1     0000d323  _CANB0_ISR                            
1     0000d32d  _CANB1_ISR                            
1     0000d387  _CLA1_1_ISR                           
1     0000d391  _CLA1_2_ISR                           
1     0000d39b  _CLA1_3_ISR                           
1     0000d3a5  _CLA1_4_ISR                           
1     0000d3af  _CLA1_5_ISR                           
1     0000d3b9  _CLA1_6_ISR                           
1     0000d3c3  _CLA1_7_ISR                           
1     0000d3cd  _CLA1_8_ISR                           
1     0000d553  _CLA_OVERFLOW_ISR                     
1     0000d55d  _CLA_UNDERFLOW_ISR                    
1     00048000  _CanaRegs                             
1     0004a000  _CanbRegs                             
1     00001400  _Cla1Regs                             
0     00000ce0  _Cla1SoftIntRegs                      
1     0005d200  _ClkCfgRegs                           
1     00005c80  _Cmpss1Regs                           
1     00005ca0  _Cmpss2Regs                           
1     00005cc0  _Cmpss3Regs                           
1     00005ce0  _Cmpss4Regs                           
1     00005d00  _Cmpss5Regs                           
1     00005d20  _Cmpss6Regs                           
1     00005d40  _Cmpss7Regs                           
1     00005d60  _Cmpss8Regs                           
1     0005d300  _CpuSysRegs                           
1     00000c00  _CpuTimer0Regs                        
1     00000c08  _CpuTimer1Regs                        
1     00000c10  _CpuTimer2Regs                        
1     0000d960  _CsmUnlock                            
1     0000d014  _DATALOG_ISR                          
1     0000d258  _DMA_CH1_ISR                          
1     0000d262  _DMA_CH2_ISR                          
1     0000d26c  _DMA_CH3_ISR                          
1     0000d276  _DMA_CH4_ISR                          
1     0000d280  _DMA_CH5_ISR                          
1     0000d28a  _DMA_CH6_ISR                          
1     00005c00  _DacaRegs                             
1     00005c10  _DacbRegs                             
1     00005c20  _DaccRegs                             
1     0005f070  _DcsmCommonRegs                       
1     0005f000  _DcsmZ1Regs                           
1     0005f040  _DcsmZ2Regs                           
1     0005d000  _DevCfgRegs                           
1     0000d67c  _DisableDog                           
1     0000d63d  _DisablePeripheralClocks              
1     00007980  _DmaClaSrcSelRegs                     
1     00001000  _DmaRegs                              
1     0000d1ae  _ECAP1_ISR                            
1     0000d1b8  _ECAP2_ISR                            
1     0000d1c2  _ECAP3_ISR                            
1     0000d1cc  _ECAP4_ISR                            
1     0000d1d6  _ECAP5_ISR                            
1     0000d1e0  _ECAP6_ISR                            
1     00005000  _ECap1Regs                            
1     00005020  _ECap2Regs                            
1     00005040  _ECap3Regs                            
1     00005060  _ECap4Regs                            
1     00005080  _ECap5Regs                            
1     000050a0  _ECap6Regs                            
1     0000d517  _EMIF_ERROR_ISR                       
1     0000d571  _EMPTY_ISR                            
1     0000d028  _EMU_ISR                              
1     0000d46d  _EPWM10_ISR                           
1     0000d445  _EPWM10_TZ_ISR                        
1     0000d477  _EPWM11_ISR                           
1     0000d44f  _EPWM11_TZ_ISR                        
1     0000d481  _EPWM12_ISR                           
1     0000d459  _EPWM12_TZ_ISR                        
1     0000d15e  _EPWM1_ISR                            
1     0000d10e  _EPWM1_TZ_ISR                         
1     0000d168  _EPWM2_ISR                            
1     0000d118  _EPWM2_TZ_ISR                         
1     0000d172  _EPWM3_ISR                            
1     0000d122  _EPWM3_TZ_ISR                         
1     0000d17c  _EPWM4_ISR                            
1     0000d12c  _EPWM4_TZ_ISR                         
1     0000d186  _EPWM5_ISR                            
1     0000d136  _EPWM5_TZ_ISR                         
1     0000d190  _EPWM6_ISR                            
1     0000d140  _EPWM6_TZ_ISR                         
1     0000d19a  _EPWM7_ISR                            
1     0000d14a  _EPWM7_TZ_ISR                         
1     0000d1a4  _EPWM8_ISR                            
1     0000d154  _EPWM8_TZ_ISR                         
1     0000d463  _EPWM9_ISR                            
1     0000d43b  _EPWM9_TZ_ISR                         
1     00004900  _EPwm10Regs                           
1     00004a00  _EPwm11Regs                           
1     00004b00  _EPwm12Regs                           
1     00004000  _EPwm1Regs                            
1     00004100  _EPwm2Regs                            
1     00004200  _EPwm3Regs                            
1     00004300  _EPwm4Regs                            
1     00004400  _EPwm5Regs                            
1     00004500  _EPwm6Regs                            
1     00004600  _EPwm7Regs                            
1     00004700  _EPwm8Regs                            
1     00004800  _EPwm9Regs                            
1     00007a00  _EPwmXbarRegs                         
1     0000d1ea  _EQEP1_ISR                            
1     0000d1f4  _EQEP2_ISR                            
1     0000d1fe  _EQEP3_ISR                            
1     00005100  _EQep1Regs                            
1     00005140  _EQep2Regs                            
1     00005180  _EQep3Regs                            
1     0005f480  _Emif1ConfigRegs                      
1     00047000  _Emif1Regs                            
1     0005f4a0  _Emif2ConfigRegs                      
1     00047800  _Emif2Regs                            
1     00000d00  _EmuBMode                             
1     00000d01  _EmuBootPins                          
1     0000e1e1  _EnableInterrupts                     
0     00000144  _F28x_usDelay                         
1     0000d52b  _FLASH_CORRECTABLE_ERROR_ISR          
1     0000d3ff  _FPU_OVERFLOW_ISR                     
1     0000d409  _FPU_UNDERFLOW_ISR                    
1     0005f800  _Flash0CtrlRegs                       
1     0005fb00  _Flash0EccRegs                        
1     00050024  _FlashPumpSemaphoreRegs               
1     0000cf56  _GPIO_EnableUnbondedIOPullups         
1     0000cf31  _GPIO_EnableUnbondedIOPullupsFor100Pin
1     0000cf18  _GPIO_EnableUnbondedIOPullupsFor176Pin
1     0000cf6c  _GPIO_ReadPin                         
1     0000cebd  _GPIO_SetupLock                       
1     0000cd9d  _GPIO_SetupPinMux                     
1     0000ce29  _GPIO_SetupPinOptions                 
1     0000cee6  _GPIO_SetupXINT1Gpio                  
1     0000cef0  _GPIO_SetupXINT2Gpio                  
1     0000cefa  _GPIO_SetupXINT3Gpio                  
1     0000cf04  _GPIO_SetupXINT4Gpio                  
1     0000cf0e  _GPIO_SetupXINT5Gpio                  
1     0000cf83  _GPIO_WritePin                        
1     00007c00  _GpioCtrlRegs                         
1     00007f00  _GpioDataRegs                         
1     0000d9d9  _HALT                                 
1     0000d9f2  _HIB                                  
1     0000d2a1  _I2CA_FIFO_ISR                        
1     0000d294  _I2CA_ISR                             
1     0000d2b5  _I2CB_FIFO_ISR                        
1     0000d2ab  _I2CB_ISR                             
1     0000dd63  _I2C_Display_Char                     
1     0000a800  _I2C_Display_Font                     
1     0000ddaf  _I2C_Display_Init                     
1     0000aca1  _I2C_Display_Init_Values              
1     0000dd78  _I2C_Display_String                   
1     0000dd2f  _I2C_Init                             
1     0000dd40  _I2C_WriteData                        
1     00007300  _I2caRegs                             
1     00007340  _I2cbRegs                             
1     0000d9c5  _IDLE                                 
1     0000d03c  _ILLEGAL_ISR                          
1     0000d413  _IPC0_ISR                             
1     0000d41d  _IPC1_ISR                             
1     0000d427  _IPC2_ISR                             
1     0000d431  _IPC3_ISR                             
1     0000d879  _InitAuxPll                           
1     0000dbcf  _InitEQep                             
1     0000dbf6  _InitEQep1Gpio                        
1     0000dc39  _InitEQep2Gpio                        
1     0000dc79  _InitEQep3Gpio                        
1     0000dbf1  _InitEQepGpio                         
1     0000cd5d  _InitGpio                             
1     0000d5b9  _InitPeripheralClocks                 
1     0000e1c2  _InitPieCtrl                          
1     0000e1ea  _InitPieVectTable                     
1     0000d588  _InitSysCtrl                          
1     0000d68a  _InitSysPll                           
1     00007900  _InputXbarRegs                        
1     00050000  _IpcRegs                              
1     0000d230  _MCBSPA_RX_ISR                        
1     0000d23a  _MCBSPA_TX_ISR                        
1     0000d244  _MCBSPB_RX_ISR                        
1     0000d24e  _MCBSPB_TX_ISR                        
1     00006000  _McbspaRegs                           
1     00006040  _McbspbRegs                           
1     0005f400  _MemCfgRegs                           
1     0005f500  _MemoryErrorRegs                      
1     0000d032  _NMI_ISR                              
1     0000d57e  _NOTUSED_ISR                          
1     00007060  _NmiIntruptRegs                       
1     00007a80  _OutputXbarRegs                       
1     0000d567  _PIE_RESERVED_ISR                     
1     00000ce0  _PieCtrlRegs                          
1     00000d00  _PieVectTable                         
1     0000a9e0  _PieVectTableInit                     
1     0000d535  _RAM_ACCESS_VIOLATION_ISR             
1     0000d521  _RAM_CORRECTABLE_ERROR_ISR            
1     0000d01e  _RTOS_ISR                             
1     0000d664  _ReleaseFlashPump                     
1     0005e608  _RomPrefetchRegs                      
1     0005f540  _RomWaitStateRegs                     
1     0000d2e7  _SCIA_RX_ISR                          
1     0000d2f1  _SCIA_TX_ISR                          
1     0000d2fb  _SCIB_RX_ISR                          
1     0000d305  _SCIB_TX_ISR                          
1     0000d2bf  _SCIC_RX_ISR                          
1     0000d2c9  _SCIC_TX_ISR                          
1     0000d2d3  _SCID_RX_ISR                          
1     0000d2dd  _SCID_TX_ISR                          
1     0000d48b  _SD1_ISR                              
1     0000d495  _SD2_ISR                              
1     0000d208  _SPIA_RX_ISR                          
1     0000d212  _SPIA_TX_ISR                          
1     0000d21c  _SPIB_RX_ISR                          
1     0000d226  _SPIB_TX_ISR                          
1     0000d49f  _SPIC_RX_ISR                          
1     0000d4a9  _SPIC_TX_ISR                          
1     0000d9ce  _STANDBY                              
1     0000d53f  _SYS_PLL_SLIP_ISR                     
1     00007200  _SciaRegs                             
1     00007210  _ScibRegs                             
1     00007220  _ScicRegs                             
1     00007230  _ScidRegs                             
1     00005e00  _Sdfm1Regs                            
1     00005e80  _Sdfm2Regs                            
1     0000d655  _SeizeFlashPump                       
1     0000d66e  _ServiceDog                           
1     00006100  _SpiaRegs                             
1     00006110  _SpibRegs                             
1     00006120  _SpicRegs                             
1     00007940  _SyncSocRegs                          
1     0000d981  _SysIntOsc1Sel                        
1     0000d98d  _SysIntOsc2Sel                        
1     0000d999  _SysXtalOscSel                        
1     0000d0fa  _TIMER0_ISR                           
1     0000d000  _TIMER1_ISR                           
1     0000d00a  _TIMER2_ISR                           
1     0000d4b3  _UPPA_ISR                             
1     0000d4bd  _USBA_ISR                             
1     0000d0a0  _USER10_ISR                           
1     0000d0aa  _USER11_ISR                           
1     0000d0b4  _USER12_ISR                           
1     0000d046  _USER1_ISR                            
1     0000d050  _USER2_ISR                            
1     0000d05a  _USER3_ISR                            
1     0000d064  _USER4_ISR                            
1     0000d06e  _USER5_ISR                            
1     0000d078  _USER6_ISR                            
1     0000d082  _USER7_ISR                            
1     0000d08c  _USER8_ISR                            
1     0000d096  _USER9_ISR                            
1     00006200  _UppRegs                              
1     0000d3f5  _VCU_ISR                              
1     0000d104  _WAKE_ISR                             
1     00007000  _WdRegs                               
1     0000d0dc  _XINT1_ISR                            
1     0000d0e6  _XINT2_ISR                            
1     0000d3d7  _XINT3_ISR                            
1     0000d3e1  _XINT4_ISR                            
1     0000d3eb  _XINT5_ISR                            
1     00007920  _XbarRegs                             
1     00007070  _XintRegs                             
1     00000600  __STACK_END                           
abs   00000200  __STACK_SIZE                          
1     0000adb6  ___TI_cleanup_ptr                     
1     0000adb8  ___TI_dtors_ptr                       
1     0000adb4  ___TI_enable_exit_profile_output      
abs   ffffffff  ___TI_pprof_out_hndl                  
1     0000cbbe  ___TI_printfi                         
abs   ffffffff  ___TI_prof_data_size                  
abs   ffffffff  ___TI_prof_data_start                 
abs   ffffffff  ___binit__                            
abs   ffffffff  ___c_args__                           
0     00000122  ___cinit__                            
abs   ffffffff  ___etext__                            
abs   ffffffff  ___pinit__                            
abs   ffffffff  ___text__                             
1     0000e30a  __args_main                           
1     0000aba0  __ctypes_                             
1     0000adba  __lock                                
1     0000e376  __nop                                 
1     0000e372  __register_lock                       
1     0000e36e  __register_unlock                     
1     00000400  __stack                               
1     0000e393  __system_post_cinit                   
1     0000e391  __system_pre_init                     
1     0000adbc  __unlock                              
1     0000e199  _abort                                
1     0000e0e6  _atoi                                 
1     0000df8b  _c_int00                              
1     0000e235  _copy_in                              
1     0000e210  _copysignl                            
1     0000adbf  _errno                                
1     0000e19b  _exit                                 
1     0000cfa1  _frexpl                               
1     0000dc81  _ldexpl                               
1     0000e117  _ltoa                                 
1     0000db16  _main                                 
1     0000e349  _memccpy                              
1     0000e2b5  _memcpy                               
1     0000e356  _memset                               
1     0000dc81  _scalbnl                              
1     0000e0de  _scia_fifo_init                       
1     0000e0b5  _scia_init                            
1     0000e0d2  _scia_msg                             
1     0000e0c4  _scia_xmit                            
1     0000e083  _sprintf                              
1     0000e362  _strchr                               
1     0000cffb  _strcpy                               
1     0000e389  _strlen                               
1     0000e380  _wcslen                               
abs   ffffffff  binit                                 
0     00000122  cinit                                 
abs   ffffffff  etext                                 
abs   ffffffff  pinit                                 


GLOBAL SYMBOLS: SORTED BY Symbol Address 

page  address   name                                  
----  -------   ----                                  
0     00000122  ___cinit__                            
0     00000122  cinit                                 
0     00000144  _F28x_usDelay                         
0     00000ce0  _Cla1SoftIntRegs                      
1     00000400  __stack                               
1     00000600  __STACK_END                           
1     00000b00  _AdcaResultRegs                       
1     00000b20  _AdcbResultRegs                       
1     00000b40  _AdccResultRegs                       
1     00000b60  _AdcdResultRegs                       
1     00000c00  _CpuTimer0Regs                        
1     00000c08  _CpuTimer1Regs                        
1     00000c10  _CpuTimer2Regs                        
1     00000ce0  _PieCtrlRegs                          
1     00000d00  _EmuBMode                             
1     00000d00  _PieVectTable                         
1     00000d01  _EmuBootPins                          
1     00001000  _DmaRegs                              
1     00001400  _Cla1Regs                             
1     00004000  _EPwm1Regs                            
1     00004100  _EPwm2Regs                            
1     00004200  _EPwm3Regs                            
1     00004300  _EPwm4Regs                            
1     00004400  _EPwm5Regs                            
1     00004500  _EPwm6Regs                            
1     00004600  _EPwm7Regs                            
1     00004700  _EPwm8Regs                            
1     00004800  _EPwm9Regs                            
1     00004900  _EPwm10Regs                           
1     00004a00  _EPwm11Regs                           
1     00004b00  _EPwm12Regs                           
1     00005000  _ECap1Regs                            
1     00005020  _ECap2Regs                            
1     00005040  _ECap3Regs                            
1     00005060  _ECap4Regs                            
1     00005080  _ECap5Regs                            
1     000050a0  _ECap6Regs                            
1     00005100  _EQep1Regs                            
1     00005140  _EQep2Regs                            
1     00005180  _EQep3Regs                            
1     00005c00  _DacaRegs                             
1     00005c10  _DacbRegs                             
1     00005c20  _DaccRegs                             
1     00005c80  _Cmpss1Regs                           
1     00005ca0  _Cmpss2Regs                           
1     00005cc0  _Cmpss3Regs                           
1     00005ce0  _Cmpss4Regs                           
1     00005d00  _Cmpss5Regs                           
1     00005d20  _Cmpss6Regs                           
1     00005d40  _Cmpss7Regs                           
1     00005d60  _Cmpss8Regs                           
1     00005e00  _Sdfm1Regs                            
1     00005e80  _Sdfm2Regs                            
1     00006000  _McbspaRegs                           
1     00006040  _McbspbRegs                           
1     00006100  _SpiaRegs                             
1     00006110  _SpibRegs                             
1     00006120  _SpicRegs                             
1     00006200  _UppRegs                              
1     00007000  _WdRegs                               
1     00007060  _NmiIntruptRegs                       
1     00007070  _XintRegs                             
1     00007200  _SciaRegs                             
1     00007210  _ScibRegs                             
1     00007220  _ScicRegs                             
1     00007230  _ScidRegs                             
1     00007300  _I2caRegs                             
1     00007340  _I2cbRegs                             
1     00007400  _AdcaRegs                             
1     00007480  _AdcbRegs                             
1     00007500  _AdccRegs                             
1     00007580  _AdcdRegs                             
1     00007900  _InputXbarRegs                        
1     00007920  _XbarRegs                             
1     00007940  _SyncSocRegs                          
1     00007980  _DmaClaSrcSelRegs                     
1     00007a00  _EPwmXbarRegs                         
1     00007a80  _OutputXbarRegs                       
1     00007c00  _GpioCtrlRegs                         
1     00007f00  _GpioDataRegs                         
1     0000a800  _I2C_Display_Font                     
1     0000a9e0  _PieVectTableInit                     
1     0000aba0  __ctypes_                             
1     0000aca1  _I2C_Display_Init_Values              
1     0000adb4  ___TI_enable_exit_profile_output      
1     0000adb6  ___TI_cleanup_ptr                     
1     0000adb8  ___TI_dtors_ptr                       
1     0000adba  __lock                                
1     0000adbc  __unlock                              
1     0000adbf  _errno                                
1     0000cbbe  ___TI_printfi                         
1     0000cd5d  _InitGpio                             
1     0000cd9d  _GPIO_SetupPinMux                     
1     0000ce29  _GPIO_SetupPinOptions                 
1     0000cebd  _GPIO_SetupLock                       
1     0000cee6  _GPIO_SetupXINT1Gpio                  
1     0000cef0  _GPIO_SetupXINT2Gpio                  
1     0000cefa  _GPIO_SetupXINT3Gpio                  
1     0000cf04  _GPIO_SetupXINT4Gpio                  
1     0000cf0e  _GPIO_SetupXINT5Gpio                  
1     0000cf18  _GPIO_EnableUnbondedIOPullupsFor176Pin
1     0000cf31  _GPIO_EnableUnbondedIOPullupsFor100Pin
1     0000cf56  _GPIO_EnableUnbondedIOPullups         
1     0000cf6c  _GPIO_ReadPin                         
1     0000cf83  _GPIO_WritePin                        
1     0000cfa1  _frexpl                               
1     0000cffb  _strcpy                               
1     0000d000  _TIMER1_ISR                           
1     0000d00a  _TIMER2_ISR                           
1     0000d014  _DATALOG_ISR                          
1     0000d01e  _RTOS_ISR                             
1     0000d028  _EMU_ISR                              
1     0000d032  _NMI_ISR                              
1     0000d03c  _ILLEGAL_ISR                          
1     0000d046  _USER1_ISR                            
1     0000d050  _USER2_ISR                            
1     0000d05a  _USER3_ISR                            
1     0000d064  _USER4_ISR                            
1     0000d06e  _USER5_ISR                            
1     0000d078  _USER6_ISR                            
1     0000d082  _USER7_ISR                            
1     0000d08c  _USER8_ISR                            
1     0000d096  _USER9_ISR                            
1     0000d0a0  _USER10_ISR                           
1     0000d0aa  _USER11_ISR                           
1     0000d0b4  _USER12_ISR                           
1     0000d0be  _ADCA1_ISR                            
1     0000d0c8  _ADCB1_ISR                            
1     0000d0d2  _ADCC1_ISR                            
1     0000d0dc  _XINT1_ISR                            
1     0000d0e6  _XINT2_ISR                            
1     0000d0f0  _ADCD1_ISR                            
1     0000d0fa  _TIMER0_ISR                           
1     0000d104  _WAKE_ISR                             
1     0000d10e  _EPWM1_TZ_ISR                         
1     0000d118  _EPWM2_TZ_ISR                         
1     0000d122  _EPWM3_TZ_ISR                         
1     0000d12c  _EPWM4_TZ_ISR                         
1     0000d136  _EPWM5_TZ_ISR                         
1     0000d140  _EPWM6_TZ_ISR                         
1     0000d14a  _EPWM7_TZ_ISR                         
1     0000d154  _EPWM8_TZ_ISR                         
1     0000d15e  _EPWM1_ISR                            
1     0000d168  _EPWM2_ISR                            
1     0000d172  _EPWM3_ISR                            
1     0000d17c  _EPWM4_ISR                            
1     0000d186  _EPWM5_ISR                            
1     0000d190  _EPWM6_ISR                            
1     0000d19a  _EPWM7_ISR                            
1     0000d1a4  _EPWM8_ISR                            
1     0000d1ae  _ECAP1_ISR                            
1     0000d1b8  _ECAP2_ISR                            
1     0000d1c2  _ECAP3_ISR                            
1     0000d1cc  _ECAP4_ISR                            
1     0000d1d6  _ECAP5_ISR                            
1     0000d1e0  _ECAP6_ISR                            
1     0000d1ea  _EQEP1_ISR                            
1     0000d1f4  _EQEP2_ISR                            
1     0000d1fe  _EQEP3_ISR                            
1     0000d208  _SPIA_RX_ISR                          
1     0000d212  _SPIA_TX_ISR                          
1     0000d21c  _SPIB_RX_ISR                          
1     0000d226  _SPIB_TX_ISR                          
1     0000d230  _MCBSPA_RX_ISR                        
1     0000d23a  _MCBSPA_TX_ISR                        
1     0000d244  _MCBSPB_RX_ISR                        
1     0000d24e  _MCBSPB_TX_ISR                        
1     0000d258  _DMA_CH1_ISR                          
1     0000d262  _DMA_CH2_ISR                          
1     0000d26c  _DMA_CH3_ISR                          
1     0000d276  _DMA_CH4_ISR                          
1     0000d280  _DMA_CH5_ISR                          
1     0000d28a  _DMA_CH6_ISR                          
1     0000d294  _I2CA_ISR                             
1     0000d2a1  _I2CA_FIFO_ISR                        
1     0000d2ab  _I2CB_ISR                             
1     0000d2b5  _I2CB_FIFO_ISR                        
1     0000d2bf  _SCIC_RX_ISR                          
1     0000d2c9  _SCIC_TX_ISR                          
1     0000d2d3  _SCID_RX_ISR                          
1     0000d2dd  _SCID_TX_ISR                          
1     0000d2e7  _SCIA_RX_ISR                          
1     0000d2f1  _SCIA_TX_ISR                          
1     0000d2fb  _SCIB_RX_ISR                          
1     0000d305  _SCIB_TX_ISR                          
1     0000d30f  _CANA0_ISR                            
1     0000d319  _CANA1_ISR                            
1     0000d323  _CANB0_ISR                            
1     0000d32d  _CANB1_ISR                            
1     0000d337  _ADCA_EVT_ISR                         
1     0000d341  _ADCA2_ISR                            
1     0000d34b  _ADCA3_ISR                            
1     0000d355  _ADCA4_ISR                            
1     0000d35f  _ADCB_EVT_ISR                         
1     0000d369  _ADCB2_ISR                            
1     0000d373  _ADCB3_ISR                            
1     0000d37d  _ADCB4_ISR                            
1     0000d387  _CLA1_1_ISR                           
1     0000d391  _CLA1_2_ISR                           
1     0000d39b  _CLA1_3_ISR                           
1     0000d3a5  _CLA1_4_ISR                           
1     0000d3af  _CLA1_5_ISR                           
1     0000d3b9  _CLA1_6_ISR                           
1     0000d3c3  _CLA1_7_ISR                           
1     0000d3cd  _CLA1_8_ISR                           
1     0000d3d7  _XINT3_ISR                            
1     0000d3e1  _XINT4_ISR                            
1     0000d3eb  _XINT5_ISR                            
1     0000d3f5  _VCU_ISR                              
1     0000d3ff  _FPU_OVERFLOW_ISR                     
1     0000d409  _FPU_UNDERFLOW_ISR                    
1     0000d413  _IPC0_ISR                             
1     0000d41d  _IPC1_ISR                             
1     0000d427  _IPC2_ISR                             
1     0000d431  _IPC3_ISR                             
1     0000d43b  _EPWM9_TZ_ISR                         
1     0000d445  _EPWM10_TZ_ISR                        
1     0000d44f  _EPWM11_TZ_ISR                        
1     0000d459  _EPWM12_TZ_ISR                        
1     0000d463  _EPWM9_ISR                            
1     0000d46d  _EPWM10_ISR                           
1     0000d477  _EPWM11_ISR                           
1     0000d481  _EPWM12_ISR                           
1     0000d48b  _SD1_ISR                              
1     0000d495  _SD2_ISR                              
1     0000d49f  _SPIC_RX_ISR                          
1     0000d4a9  _SPIC_TX_ISR                          
1     0000d4b3  _UPPA_ISR                             
1     0000d4bd  _USBA_ISR                             
1     0000d4c7  _ADCC_EVT_ISR                         
1     0000d4d1  _ADCC2_ISR                            
1     0000d4db  _ADCC3_ISR                            
1     0000d4e5  _ADCC4_ISR                            
1     0000d4ef  _ADCD_EVT_ISR                         
1     0000d4f9  _ADCD2_ISR                            
1     0000d503  _ADCD3_ISR                            
1     0000d50d  _ADCD4_ISR                            
1     0000d517  _EMIF_ERROR_ISR                       
1     0000d521  _RAM_CORRECTABLE_ERROR_ISR            
1     0000d52b  _FLASH_CORRECTABLE_ERROR_ISR          
1     0000d535  _RAM_ACCESS_VIOLATION_ISR             
1     0000d53f  _SYS_PLL_SLIP_ISR                     
1     0000d549  _AUX_PLL_SLIP_ISR                     
1     0000d553  _CLA_OVERFLOW_ISR                     
1     0000d55d  _CLA_UNDERFLOW_ISR                    
1     0000d567  _PIE_RESERVED_ISR                     
1     0000d571  _EMPTY_ISR                            
1     0000d57e  _NOTUSED_ISR                          
1     0000d588  _InitSysCtrl                          
1     0000d5b9  _InitPeripheralClocks                 
1     0000d63d  _DisablePeripheralClocks              
1     0000d655  _SeizeFlashPump                       
1     0000d664  _ReleaseFlashPump                     
1     0000d66e  _ServiceDog                           
1     0000d67c  _DisableDog                           
1     0000d68a  _InitSysPll                           
1     0000d879  _InitAuxPll                           
1     0000d960  _CsmUnlock                            
1     0000d981  _SysIntOsc1Sel                        
1     0000d98d  _SysIntOsc2Sel                        
1     0000d999  _SysXtalOscSel                        
1     0000d9a5  _AuxIntOsc2Sel                        
1     0000d9af  _AuxXtalOscSel                        
1     0000d9bb  _AuxAuxClkSel                         
1     0000d9c5  _IDLE                                 
1     0000d9ce  _STANDBY                              
1     0000d9d9  _HALT                                 
1     0000d9f2  _HIB                                  
1     0000da0f  LL$$DIV                               
1     0000da4b  LL$$MOD                               
1     0000da85  ULL$$DIV                              
1     0000dab4  ULL$$MOD                              
1     0000db16  _main                                 
1     0000dbcf  _InitEQep                             
1     0000dbf1  _InitEQepGpio                         
1     0000dbf6  _InitEQep1Gpio                        
1     0000dc39  _InitEQep2Gpio                        
1     0000dc79  _InitEQep3Gpio                        
1     0000dc81  _ldexpl                               
1     0000dc81  _scalbnl                              
1     0000dd2f  _I2C_Init                             
1     0000dd40  _I2C_WriteData                        
1     0000dd63  _I2C_Display_Char                     
1     0000dd78  _I2C_Display_String                   
1     0000ddaf  _I2C_Display_Init                     
1     0000dddc  FD$$ADD                               
1     0000de78  FD$$DIV                               
1     0000df03  FS$$DIV                               
1     0000df8b  _c_int00                              
1     0000dfe1  FD$$TOL                               
1     0000e000  FD$$MPY                               
1     0000e083  _sprintf                              
1     0000e0b5  _scia_init                            
1     0000e0c4  _scia_xmit                            
1     0000e0d2  _scia_msg                             
1     0000e0de  _scia_fifo_init                       
1     0000e0e6  _atoi                                 
1     0000e117  _ltoa                                 
1     0000e145  FD$$CMP                               
1     0000e16f  L$$DIV                                
1     0000e17e  L$$MOD                                
1     0000e18c  UL$$DIV                               
1     0000e193  UL$$MOD                               
1     0000e199  C$$EXIT                               
1     0000e199  _abort                                
1     0000e19b  _exit                                 
1     0000e1c2  _InitPieCtrl                          
1     0000e1e1  _EnableInterrupts                     
1     0000e1ea  _InitPieVectTable                     
1     0000e210  _copysignl                            
1     0000e235  _copy_in                              
1     0000e259  FD$$TOI                               
1     0000e27a  LL$$CMP                               
1     0000e28c  ULL$$CMP                              
1     0000e298  I$$TOFD                               
1     0000e2b5  _memcpy                               
1     0000e2d2  FS$$TOFD                              
1     0000e2ee  L$$TOFD                               
1     0000e30a  __args_main                           
1     0000e323  LL$$AND                               
1     0000e32b  LL$$OR                                
1     0000e333  LL$$XOR                               
1     0000e33b  FD$$SUB                               
1     0000e349  _memccpy                              
1     0000e356  _memset                               
1     0000e362  _strchr                               
1     0000e36e  __register_unlock                     
1     0000e372  __register_lock                       
1     0000e376  __nop                                 
1     0000e377  FD$$NEG                               
1     0000e380  _wcslen                               
1     0000e389  _strlen                               
1     0000e391  __system_pre_init                     
1     0000e393  __system_post_cinit                   
1     00047000  _Emif1Regs                            
1     00047800  _Emif2Regs                            
1     00048000  _CanaRegs                             
1     0004a000  _CanbRegs                             
1     00050000  _IpcRegs                              
1     00050024  _FlashPumpSemaphoreRegs               
1     0005d000  _DevCfgRegs                           
1     0005d180  _AnalogSubsysRegs                     
1     0005d200  _ClkCfgRegs                           
1     0005d300  _CpuSysRegs                           
1     0005e608  _RomPrefetchRegs                      
1     0005f000  _DcsmZ1Regs                           
1     0005f040  _DcsmZ2Regs                           
1     0005f070  _DcsmCommonRegs                       
1     0005f400  _MemCfgRegs                           
1     0005f480  _Emif1ConfigRegs                      
1     0005f4a0  _Emif2ConfigRegs                      
1     0005f4c0  _AccessProtectionRegs                 
1     0005f500  _MemoryErrorRegs                      
1     0005f540  _RomWaitStateRegs                     
1     0005f800  _Flash0CtrlRegs                       
1     0005fb00  _Flash0EccRegs                        
abs   00000200  __STACK_SIZE                          
abs   ffffffff  .text                                 
abs   ffffffff  ___TI_pprof_out_hndl                  
abs   ffffffff  ___TI_prof_data_size                  
abs   ffffffff  ___TI_prof_data_start                 
abs   ffffffff  ___binit__                            
abs   ffffffff  ___c_args__                           
abs   ffffffff  ___etext__                            
abs   ffffffff  ___pinit__                            
abs   ffffffff  ___text__                             
abs   ffffffff  binit                                 
abs   ffffffff  etext                                 
abs   ffffffff  pinit                                 

[369 symbols]
